 MODEL_PV_sfun

 Timestamp is 69011e18 (Tue Oct 28 13:48:40 2025)

 Preferred load address is 0000000180000000

 Start         Length     Name                   Class
 0001:00000000 00000090H .text$di                CODE
 0001:00000090 00064180H .text$mn                CODE
 0001:00064210 00000040H .text$mn$00             CODE
 0001:00064250 0000029dH .text$x                 CODE
 0002:00000000 00000708H .idata$5                DATA
 0002:00000708 00000030H .00cfg                  DATA
 0002:00000738 00000008H .CRT$XCA                DATA
 0002:00000740 00000020H .CRT$XCU                DATA
 0002:00000760 00000008H .CRT$XCZ                DATA
 0002:00000768 00000008H .CRT$XIA                DATA
 0002:00000770 00000008H .CRT$XIC                DATA
 0002:00000778 00000008H .CRT$XIZ                DATA
 0002:00000780 00000008H .CRT$XLA                DATA
 0002:00000788 00000008H .CRT$XLZ                DATA
 0002:00000790 00000008H .CRT$XPA                DATA
 0002:00000798 00000008H .CRT$XPZ                DATA
 0002:000007a0 00000008H .CRT$XTA                DATA
 0002:000007a8 00000008H .CRT$XTZ                DATA
 0002:000007b0 00000000H .gehcont$y              DATA
 0002:000007b0 00000000H .gfids$y                DATA
 0002:000007b0 00000750H .rdata                  DATA
 0002:00000f00 00000080H .rdata$CastGuardVftablesA DATA
 0002:00000f80 00000080H .rdata$CastGuardVftablesC DATA
 0002:00001000 00000028H .rdata$T                DATA
 0002:00001028 000001f4H .rdata$r                DATA
 0002:0000121c 000002ecH .rdata$voltmd           DATA
 0002:00001508 00000370H .rdata$zzzdbg           DATA
 0002:00001878 00000008H .rtc$IAA                DATA
 0002:00001880 00000008H .rtc$IZZ                DATA
 0002:00001888 00000008H .rtc$TAA                DATA
 0002:00001890 00000008H .rtc$TZZ                DATA
 0002:00001898 00000004H .tls                    DATA
 0002:0000189c 00000004H .tls$                   DATA
 0002:000018a0 00000008H .tls$ZZZ                DATA
 0002:000018a8 000017c0H .xdata                  DATA
 0002:00003068 000000f8H .xdata$x                DATA
 0002:00003160 00000078H .edata                  DATA
 0002:000031d8 00000154H .idata$2                DATA
 0002:0000332c 00000014H .idata$3                DATA
 0002:00003340 00000708H .idata$4                DATA
 0002:00003a48 0000139aH .idata$6                DATA
 0003:00000000 0004a3e8H .data                   DATA
 0003:0004a3e8 00000080H .data$r                 DATA
 0003:0004a468 00000028H .data$rs                DATA
 0003:0004a490 00001518H .bss                    DATA
 0004:00000000 00001a64H .pdata                  DATA

  Address         Publics by Value              Rva+Base               Lib:Object

 0000:00000000       __guard_fids_count         0000000000000000     <absolute>
 0000:00000000       __guard_eh_cont_count      0000000000000000     <absolute>
 0000:00000000       __guard_fids_table         0000000000000000     <absolute>
 0000:00000000       __guard_check_icall_a64n_fptr 0000000000000000     <absolute>
 0000:00000000       __AbsoluteZero             0000000000000000     <absolute>
 0000:00000000       ___safe_se_handler_table   0000000000000000     <absolute>
 0000:00000000       ___safe_se_handler_count   0000000000000000     <absolute>
 0000:00000000       __arm64x_extra_rfe_table_size 0000000000000000     <absolute>
 0000:00000000       __hybrid_code_map          0000000000000000     <absolute>
 0000:00000000       __arm64x_redirection_metadata_count 0000000000000000     <absolute>
 0000:00000000       __hybrid_auxiliary_iat_copy 0000000000000000     <absolute>
 0000:00000000       __x64_code_ranges_to_entry_points_count 0000000000000000     <absolute>
 0000:00000000       __enclave_config           0000000000000000     <absolute>
 0000:00000000       __hybrid_auxiliary_iat     0000000000000000     <absolute>
 0000:00000000       __arm64x_extra_rfe_table   0000000000000000     <absolute>
 0000:00000000       __dynamic_value_reloc_table 0000000000000000     <absolute>
 0000:00000000       __guard_longjmp_count      0000000000000000     <absolute>
 0000:00000000       __guard_iat_count          0000000000000000     <absolute>
 0000:00000000       __guard_eh_cont_table      0000000000000000     <absolute>
 0000:00000000       __x64_code_ranges_to_entry_points 0000000000000000     <absolute>
 0000:00000000       __arm64x_native_entrypoint 0000000000000000     <absolute>
 0000:00000000       __hybrid_code_map_count    0000000000000000     <absolute>
 0000:00000000       __guard_longjmp_table      0000000000000000     <absolute>
 0000:00000000       __guard_iat_table          0000000000000000     <absolute>
 0000:00000000       __arm64x_redirection_metadata 0000000000000000     <absolute>
 0000:00000100       __guard_flags              0000000000000100     <absolute>
 0000:00000000       __ImageBase                0000000180000000     <linker-defined>
 0001:00000090       MODEL_PV_initializer       0000000180001090 f   MODEL_PV_sfun.obj
 0001:000000a0       MODEL_PV_terminator        00000001800010a0 f   MODEL_PV_sfun.obj
 0001:000000b0       load_MODEL_PV_optimization_info 00000001800010b0 f   MODEL_PV_sfun.obj
 0001:00000160       unload_MODEL_PV_optimization_info 0000000180001160 f   MODEL_PV_sfun.obj
 0001:00000190       sf_MODEL_PV_method_dispatcher 0000000180001190 f   MODEL_PV_sfun.obj
 0001:000001e0       sf_MODEL_PV_process_check_sum_call 00000001800011e0 f   MODEL_PV_sfun.obj
 0001:000006d0       sf_MODEL_PV_get_eml_resolved_functions_info 00000001800016d0 f   MODEL_PV_sfun.obj
 0001:000008b0       sf_MODEL_PV_third_party_uses_info 00000001800018b0 f   MODEL_PV_sfun.obj
 0001:00000a80       sf_MODEL_PV_jit_fallback_info 0000000180001a80 f   MODEL_PV_sfun.obj
 0001:00000c50       sf_MODEL_PV_get_post_codegen_info 0000000180001c50 f   MODEL_PV_sfun.obj
 0001:00000e30       sf_MODEL_PV_updateBuildInfo_args_info 0000000180001e30 f   MODEL_PV_sfun.obj
 0001:00000ff0       sf_c13_MODEL_PV_get_eml_resolved_functions_info 0000000180001ff0 f   c13_MODEL_PV.obj
 0001:00001120       sf_c13_MODEL_PV_get_check_sum 0000000180002120 f   c13_MODEL_PV.obj
 0001:000011f0       c13_MODEL_PV_method_dispatcher 00000001800021f0 f   c13_MODEL_PV.obj
 0001:000503b0       sf_c13_MODEL_PV_third_party_uses_info 00000001800513b0 f   c13_MODEL_PV.obj
 0001:00050430       sf_c13_MODEL_PV_jit_fallback_info 0000000180051430 f   c13_MODEL_PV.obj
 0001:000505c0       sf_c13_MODEL_PV_updateBuildInfo_args_info 00000001800515c0 f   c13_MODEL_PV.obj
 0001:000508e0       sf_c13_MODEL_PV_get_post_codegen_info 00000001800518e0 f   c13_MODEL_PV.obj
 0001:00051000       mexFunction                0000000180052000 f   MODEL_PV_sfun_registry.obj
 0001:000538d0       _ssSetInputPortDirectFeedThroughFcn 00000001800548d0 f   MODEL_PV_sfun_registry.obj
 0001:00053a40       _ssSetRWorkValueFcn        0000000180054a40 f   MODEL_PV_sfun_registry.obj
 0001:00053ac0       _ssGetRWorkValueFcn        0000000180054ac0 f   MODEL_PV_sfun_registry.obj
 0001:00053b30       _ssSetIWorkValueFcn        0000000180054b30 f   MODEL_PV_sfun_registry.obj
 0001:00053bb0       _ssGetIWorkValueFcn        0000000180054bb0 f   MODEL_PV_sfun_registry.obj
 0001:00053c20       _ssSetPWorkValueFcn        0000000180054c20 f   MODEL_PV_sfun_registry.obj
 0001:00053ca0       _ssGetPWorkValueFcn        0000000180054ca0 f   MODEL_PV_sfun_registry.obj
 0001:00053d10       _ssGetInputPortSignalFcn   0000000180054d10 f   MODEL_PV_sfun_registry.obj
 0001:000540a0       _ssGetInputPortBufferDstPortFcn 00000001800550a0 f   MODEL_PV_sfun_registry.obj
 0001:00054120       _ssGetInputPortSignalPtrsFcn 0000000180055120 f   MODEL_PV_sfun_registry.obj
 0001:000544b0       ssGetParameterTuningCompliance 00000001800554b0 f   MODEL_PV_sfun_registry.obj
 0001:00054520       _ssReadInputStringFcn      0000000180055520 f   MODEL_PV_sfun_registry.obj
 0001:00054590       ssGetDTypeIdFromMxArray    0000000180055590 f   MODEL_PV_sfun_registry.obj
 0001:000546b0       ssWriteRTWMx2dMatParam     00000001800556b0 f   MODEL_PV_sfun_registry.obj
 0001:00054740       ssWriteRTWMxVectParam      0000000180055740 f   MODEL_PV_sfun_registry.obj
 0001:000547c0       ssWriteRTWParameters       00000001800557c0 f   MODEL_PV_sfun_registry.obj
 0001:00054d80       ssWriteRTWParamSettings    0000000180055d80 f   MODEL_PV_sfun_registry.obj
 0001:00055470       ssWriteRTWStr              0000000180056470 f   MODEL_PV_sfun_registry.obj
 0001:000554d0       ssWriteRTWWorkVect         00000001800564d0 f   MODEL_PV_sfun_registry.obj
 0001:00055a30       ssWarning                  0000000180056a30 f   MODEL_PV_sfun_registry.obj
 0001:00055b20       ssGetRootSS                0000000180056b20 f   MODEL_PV_sfun_registry.obj
 0001:00055be0       ssGetParentSS              0000000180056be0 f   MODEL_PV_sfun_registry.obj
 0001:00055ca0       ssWriteRTWNameValuePair    0000000180056ca0 f   MODEL_PV_sfun_registry.obj
 0001:000561a0       _ssSetInputPortMatrixDimensions 00000001800571a0 f   MODEL_PV_sfun_registry.obj
 0001:000562f0       _ssSetOutputPortMatrixDimensions 00000001800572f0 f   MODEL_PV_sfun_registry.obj
 0001:00056440       _ssSetInputPortVectorDimension 0000000180057440 f   MODEL_PV_sfun_registry.obj
 0001:000564f0       _ssSetOutputPortVectorDimension 00000001800574f0 f   MODEL_PV_sfun_registry.obj
 0001:000565a0       ssIsRunTimeParamTunable    00000001800575a0 f   MODEL_PV_sfun_registry.obj
 0001:00056610       ssGetSFuncBlockHandle      0000000180057610 f   MODEL_PV_sfun_registry.obj
 0001:00056680       _ssGetCallSystemNumFcnCallDestinations 0000000180057680 f   MODEL_PV_sfun_registry.obj
 0001:000566f0       _ssGetCurrentInputPortWidth 00000001800576f0 f   MODEL_PV_sfun_registry.obj
 0001:00056830       _ssGetCurrentOutputPortWidth 0000000180057830 f   MODEL_PV_sfun_registry.obj
 0001:00056970       ssGetIsZeroCrossControlDisabled 0000000180057970 f   MODEL_PV_sfun_registry.obj
 0001:000569e0       ssSetIsInputPortUsedForContZcSignal 00000001800579e0 f   MODEL_PV_sfun_registry.obj
 0001:00056a50       ssSetZcSignalIsZcElementDisc 0000000180057a50 f   MODEL_PV_sfun_registry.obj
 0001:00056b00       ssSetZcSignalName          0000000180057b00 f   MODEL_PV_sfun_registry.obj
 0001:00056b70       ssSetZcSignalWidth         0000000180057b70 f   MODEL_PV_sfun_registry.obj
 0001:00056be0       ssSetZcSignalZcEventType   0000000180057be0 f   MODEL_PV_sfun_registry.obj
 0001:00056c50       ssSetZcSignalType          0000000180057c50 f   MODEL_PV_sfun_registry.obj
 0001:00056cc0       ssSetZcSignalZcTol         0000000180057cc0 f   MODEL_PV_sfun_registry.obj
 0001:00056d30       ssSetZcSignalNeedsEventNotification 0000000180057d30 f   MODEL_PV_sfun_registry.obj
 0001:00056da0       ssCreateAndAddZcSignalInfo 0000000180057da0 f   MODEL_PV_sfun_registry.obj
 0001:00056e10       ssCloneAndAddZcSignalInfo  0000000180057e10 f   MODEL_PV_sfun_registry.obj
 0001:00056e80       ssGetNumZcSignals          0000000180057e80 f   MODEL_PV_sfun_registry.obj
 0001:00056ef0       ssGetZcSignalVector        0000000180057ef0 f   MODEL_PV_sfun_registry.obj
 0001:00056f60       ssGetZcSignalName          0000000180057f60 f   MODEL_PV_sfun_registry.obj
 0001:00056fd0       ssGetZcSignalWidth         0000000180057fd0 f   MODEL_PV_sfun_registry.obj
 0001:00057040       ssGetZcSignalZcEventType   0000000180058040 f   MODEL_PV_sfun_registry.obj
 0001:000570b0       ssGetZcSignalZcEvents      00000001800580b0 f   MODEL_PV_sfun_registry.obj
 0001:00057120       ssGetZcSignalType          0000000180058120 f   MODEL_PV_sfun_registry.obj
 0001:00057190       ssGetZcSignalZcTol         0000000180058190 f   MODEL_PV_sfun_registry.obj
 0001:00057210       ssGetZcSignalNeedsEventNotification 0000000180058210 f   MODEL_PV_sfun_registry.obj
 0001:00057280       ssGetZcSignalIsZcElementDisc 0000000180058280 f   MODEL_PV_sfun_registry.obj
 0001:00057320       ssGetIsInputPortElementContinuous 0000000180058320 f   MODEL_PV_sfun_registry.obj
 0001:000573c0       _ssGetAbsTol               00000001800583c0 f   MODEL_PV_sfun_registry.obj
 0001:00057430       _ssSetStateAbsTol          0000000180058430 f   MODEL_PV_sfun_registry.obj
 0001:00057510       _ssSetInputPortReusableFcn 0000000180058510 f   MODEL_PV_sfun_registry.obj
 0001:00057610       _ssSetOutputPortReusableFcn 0000000180058610 f   MODEL_PV_sfun_registry.obj
 0001:00057710       _ssSetSymbolicDimsSupport  0000000180058710 f   MODEL_PV_sfun_registry.obj
 0001:00057780       _ssRegisterSymbolicDimsExpr 0000000180058780 f   MODEL_PV_sfun_registry.obj
 0001:00057800       _ssRegisterSymbolicDimsMATLABExpr 0000000180058800 f   MODEL_PV_sfun_registry.obj
 0001:00057890       _ssRegisterSymbolicDims    0000000180058890 f   MODEL_PV_sfun_registry.obj
 0001:00057930       _ssRegisterSymbolicDimsString 0000000180058930 f   MODEL_PV_sfun_registry.obj
 0001:000579b0       _ssRegisterSymbolicDimsIntValue 00000001800589b0 f   MODEL_PV_sfun_registry.obj
 0001:00057a20       _ssRegisterSymbolicEqualRelation 0000000180058a20 f   MODEL_PV_sfun_registry.obj
 0001:00057a90       _ssRegisterSymbolicEqualValue 0000000180058a90 f   MODEL_PV_sfun_registry.obj
 0001:00057b00       _ssAmendLeadingSymbolicDims 0000000180058b00 f   MODEL_PV_sfun_registry.obj
 0001:00057b80       _ssAmendTrailingSymbolicDims 0000000180058b80 f   MODEL_PV_sfun_registry.obj
 0001:00057c00       _ssRegisterSymbolicDimsPlus 0000000180058c00 f   MODEL_PV_sfun_registry.obj
 0001:00057c80       _ssRegisterSymbolicDimsMinus 0000000180058c80 f   MODEL_PV_sfun_registry.obj
 0001:00057d00       _ssRegisterSymbolicDimsMultiply 0000000180058d00 f   MODEL_PV_sfun_registry.obj
 0001:00057d80       _ssRegisterSymbolicDimsDivide 0000000180058d80 f   MODEL_PV_sfun_registry.obj
 0001:00057e00       _ssGetNumSymbolicDims      0000000180058e00 f   MODEL_PV_sfun_registry.obj
 0001:00057e70       _ssGetSymbolicDim          0000000180058e70 f   MODEL_PV_sfun_registry.obj
 0001:00057ef0       _ssSetInputPortSymbolicDimsId 0000000180058ef0 f   MODEL_PV_sfun_registry.obj
 0001:00057f60       _ssGetCompInputPortSymbolicDimsId 0000000180058f60 f   MODEL_PV_sfun_registry.obj
 0001:00057fd0       _ssSetCompInputPortSymbolicDimsId 0000000180058fd0 f   MODEL_PV_sfun_registry.obj
 0001:00058040       _ssSetOutputPortSymbolicDimsId 0000000180059040 f   MODEL_PV_sfun_registry.obj
 0001:000580b0       _ssGetCompOutputPortSymbolicDimsId 00000001800590b0 f   MODEL_PV_sfun_registry.obj
 0001:00058120       _ssSetCompOutputPortSymbolicDimsId 0000000180059120 f   MODEL_PV_sfun_registry.obj
 0001:00058190       _ssGetDWorkSymbolicDimsId  0000000180059190 f   MODEL_PV_sfun_registry.obj
 0001:00058200       _ssSetDWorkSymbolicDimsId  0000000180059200 f   MODEL_PV_sfun_registry.obj
 0001:00058270       _ssGetCompDWorkSymbolicDimsId 0000000180059270 f   MODEL_PV_sfun_registry.obj
 0001:000582e0       _ssSetCompDWorkSymbolicDimsId 00000001800592e0 f   MODEL_PV_sfun_registry.obj
 0001:00058350       _ssCreateSLCGStringBuffer  0000000180059350 f   MODEL_PV_sfun_registry.obj
 0001:000583c0       _ssAddToSLCGStringBuffer   00000001800593c0 f   MODEL_PV_sfun_registry.obj
 0001:00058430       _ssGetPointerContainedData 0000000180059430 f   MODEL_PV_sfun_registry.obj
 0001:000584c0       _ssGetPointerContainedDataWidth 00000001800594c0 f   MODEL_PV_sfun_registry.obj
 0001:00058550       _ssRegisterDynamicArrayDataTypeFcn 0000000180059550 f   MODEL_PV_sfun_registry.obj
 0001:000585f0       _ssGetDynamicArrayContainedDataCurrentWidthFcn 00000001800595f0 f   MODEL_PV_sfun_registry.obj
 0001:000586c0       _ssGetDynamicArrayContainedDataFcn 00000001800596c0 f   MODEL_PV_sfun_registry.obj
 0001:00058790       _ssGetInputPortDynamicArrayDataFcn 0000000180059790 f   MODEL_PV_sfun_registry.obj
 0001:00058850       _ssGetOutputPortDynamicArrayDataFcn 0000000180059850 f   MODEL_PV_sfun_registry.obj
 0001:00058910       _ssGetInputPortDynamicArrayContainedDataFcn 0000000180059910 f   MODEL_PV_sfun_registry.obj
 0001:000589d0       _ssGetOutputPortDynamicArrayContainedDataFcn 00000001800599d0 f   MODEL_PV_sfun_registry.obj
 0001:00058a90       _ssGetDynamicArrayDWorkContainedDataFcn 0000000180059a90 f   MODEL_PV_sfun_registry.obj
 0001:00058b50       sf_process_check_sum_call  0000000180059b50 f   MODEL_PV_sfun_registry.obj
 0001:00058ba0       sf_process_get_third_party_uses_info_call 0000000180059ba0 f   MODEL_PV_sfun_registry.obj
 0001:00058dd0       sf_process_get_jit_fallback_info_call 0000000180059dd0 f   MODEL_PV_sfun_registry.obj
 0001:00059000       sf_process_get_post_codegen_info_call 000000018005a000 f   MODEL_PV_sfun_registry.obj
 0001:00059230       sf_process_get_updateBuildInfo_args_info_call 000000018005a230 f   MODEL_PV_sfun_registry.obj
 0001:00059460       sf_process_get_eml_resolved_functions_info_call 000000018005a460 f   MODEL_PV_sfun_registry.obj
 0001:00059690       sf_mex_unlock_call         000000018005a690 f   MODEL_PV_sfun_registry.obj
 0001:000598b0       sf_machine_global_initializer_called 000000018005a8b0 f   MODEL_PV_sfun_registry.obj
 0001:000598e0       sf_machine_global_method_dispatcher 000000018005a8e0 f   MODEL_PV_sfun_registry.obj
 0001:00059940       sf_machine_global_terminator 000000018005a940 f   MODEL_PV_sfun_registry.obj
 0001:00059970       callCustomFcn              000000018005a970 f   MODEL_PV_sfun_registry.obj
 0001:00059980       sf_machine_global_initializer 000000018005a980 f   MODEL_PV_sfun_registry.obj
 0001:000599b0       mdlGetSimState             000000018005a9b0 f   MODEL_PV_sfun_registry.obj
 0001:000599f0       mdlSetSimState             000000018005a9f0 f   MODEL_PV_sfun_registry.obj
 0001:0005a380       ProcessMexSfunctionEveryCall 000000018005b380 f   MODEL_PV_sfun_registry.obj
 0001:0005b500       __local_stdio_printf_options 000000018005c500 f i MODEL_PV_sfun_registry.obj
 0001:0005b510       _vsnprintf_l               000000018005c510 f i MODEL_PV_sfun_registry.obj
 0001:0005b590       _vsprintf_l                000000018005c590 f i MODEL_PV_sfun_registry.obj
 0001:0005b5e0       sprintf                    000000018005c5e0 f i MODEL_PV_sfun_registry.obj
 0001:0005b630       mexfilerequiredapiversion  000000018005c630 f   c_mexapi_version.obj
 0001:0005b660       autonomousDubinsSegmentsCodegen_real64 000000018005c660 f   autonomouscodegen_dubins.obj
 0001:0005b760       autonomousDubinsInterpolateCodegen_real64 000000018005c760 f   autonomouscodegen_dubins.obj
 0001:0005b7c0       autonomousDubinsInterpolateSegmentsCodegen_real64 000000018005c7c0 f   autonomouscodegen_dubins.obj
 0001:0005b830       autonomousDubinsDistanceCodegen_real64 000000018005c830 f   autonomouscodegen_dubins.obj
 0001:0005b8e0       ??$?0$$V@?$_Compressed_pair@V?$allocator@VDubinsPath@dubins@autonomous@@@std@@V?$_Vector_val@U?$_Simple_types@VDubinsPath@dubins@autonomous@@@std@@@2@$00@std@@QEAA@U_Zero_then_variadic_args_t@1@@Z 000000018005c8e0 f i autonomouscodegen_dubins.obj
 0001:0005b910       ??$?0AEBV?$allocator@N@std@@$$V@?$_Compressed_pair@V?$allocator@N@std@@V?$_Vector_val@U?$_Simple_types@N@std@@@2@$00@std@@QEAA@U_One_then_variadic_args_t@1@AEBV?$allocator@N@1@@Z 000000018005c910 f i autonomouscodegen_dubins.obj
 0001:0005b950       ??$?0AEBV?$allocator@VDubinsPath@dubins@autonomous@@@std@@$$V@?$_Compressed_pair@V?$allocator@VDubinsPath@dubins@autonomous@@@std@@V?$_Vector_val@U?$_Simple_types@VDubinsPath@dubins@autonomous@@@std@@@2@$00@std@@QEAA@U_One_then_variadic_args_t@1@AEBV?$allocator@VDubinsPath@dubins@autonomous@@@1@@Z 000000018005c950 f i autonomouscodegen_dubins.obj
 0001:0005b990       ??$?0PEBN$0A@@?$vector@NV?$allocator@N@std@@@std@@QEAA@PEBN0AEBV?$allocator@N@1@@Z 000000018005c990 f i autonomouscodegen_dubins.obj
 0001:0005ba50       ??$?0V?$allocator@VDubinsPath@dubins@autonomous@@@std@@$$V@?$_Compressed_pair@V?$allocator@VDubinsPath@dubins@autonomous@@@std@@V?$_Vector_val@U?$_Simple_types@VDubinsPath@dubins@autonomous@@@std@@@2@$00@std@@QEAA@U_One_then_variadic_args_t@1@$$QEAV?$allocator@VDubinsPath@dubins@autonomous@@@1@@Z 000000018005ca50 f i autonomouscodegen_dubins.obj
 0001:0005ba90       ??$?0V?$allocator@VDubinsPath@dubins@autonomous@@@std@@PEAVDubinsPath@dubins@autonomous@@PEAV234@PEAV234@@?$_Compressed_pair@V?$allocator@VDubinsPath@dubins@autonomous@@@std@@V?$_Vector_val@U?$_Simple_types@VDubinsPath@dubins@autonomous@@@std@@@2@$00@std@@QEAA@U_One_then_variadic_args_t@1@$$QEAV?$allocator@VDubinsPath@dubins@autonomous@@@1@$$QEAPEAVDubinsPath@dubins@autonomous@@22@Z 000000018005ca90 f i autonomouscodegen_dubins.obj
 0001:0005bb00       ??$_Adl_verify_range@PEBNPEBN@std@@YAXAEBQEBN0@Z 000000018005cb00 f i autonomouscodegen_dubins.obj
 0001:0005bb10       ??$_Adl_verify_range@V?$_Vector_iterator@V?$_Vector_val@U?$_Simple_types@VDubinsPath@dubins@autonomous@@@std@@@std@@@std@@V12@@std@@YAXAEBV?$_Vector_iterator@V?$_Vector_val@U?$_Simple_types@VDubinsPath@dubins@autonomous@@@std@@@std@@@0@0@Z 000000018005cb10 f i autonomouscodegen_dubins.obj
 0001:0005bb20       ??$_Allocate@$0BA@U_Default_allocate_traits@std@@$0A@@std@@YAPEAX_K@Z 000000018005cb20 f i autonomouscodegen_dubins.obj
 0001:0005bb60       ??$_Allocate_manually_vector_aligned@U_Default_allocate_traits@std@@@std@@YAPEAX_K@Z 000000018005cb60 f i autonomouscodegen_dubins.obj
 0001:0005bbf0       ??$_Construct_n@$$V@?$vector@VDubinsPath@dubins@autonomous@@V?$allocator@VDubinsPath@dubins@autonomous@@@std@@@std@@AEAAX_K@Z 000000018005cbf0 f i autonomouscodegen_dubins.obj
 0001:0005bca0       ??$_Construct_n@AEBQEAVDubinsPath@dubins@autonomous@@AEBQEAV123@@?$vector@VDubinsPath@dubins@autonomous@@V?$allocator@VDubinsPath@dubins@autonomous@@@std@@@std@@AEAAX_KAEBQEAVDubinsPath@dubins@autonomous@@1@Z 000000018005cca0 f i autonomouscodegen_dubins.obj
 0001:0005bd80       ??$_Construct_n@PEBNPEBN@?$vector@NV?$allocator@N@std@@@std@@AEAAX_K$$QEAPEBN1@Z 000000018005cd80 f i autonomouscodegen_dubins.obj
 0001:0005be60       ??$_Convert_size@_K@std@@YA_K_K@Z 000000018005ce60 f i autonomouscodegen_dubins.obj
 0001:0005be70       ??$_Copy_memmove@PEBNPEAN@std@@YAPEANPEBN0PEAN@Z 000000018005ce70 f i autonomouscodegen_dubins.obj
 0001:0005bf10       ??$_Deallocate@$0BA@$0A@@std@@YAXPEAX_K@Z 000000018005cf10 f i autonomouscodegen_dubins.obj
 0001:0005bf50       ??$_Destroy_range@V?$allocator@N@std@@@std@@YAXPEANQEANAEAV?$allocator@N@0@@Z 000000018005cf50 f i autonomouscodegen_dubins.obj
 0001:0005bf60       ??$_Destroy_range@V?$allocator@VDubinsPath@dubins@autonomous@@@std@@@std@@YAXPEAVDubinsPath@dubins@autonomous@@QEAV123@AEAV?$allocator@VDubinsPath@dubins@autonomous@@@0@@Z 000000018005cf60 f i autonomouscodegen_dubins.obj
 0001:0005bf70       ??$_Emplace_back@$$V@?$_Uninitialized_backout_al@V?$allocator@VDubinsPath@dubins@autonomous@@@std@@@std@@QEAAXXZ 000000018005cf70 f i autonomouscodegen_dubins.obj
 0001:0005bfc0       ??$_Emplace_back@AEAVDubinsPath@dubins@autonomous@@@?$_Uninitialized_backout_al@V?$allocator@VDubinsPath@dubins@autonomous@@@std@@@std@@QEAAXAEAVDubinsPath@dubins@autonomous@@@Z 000000018005cfc0 f i autonomouscodegen_dubins.obj
 0001:0005c020       ??$_Emplace_back@AEBN@?$_Uninitialized_backout_al@V?$allocator@N@std@@@std@@QEAAXAEBN@Z 000000018005d020 f i autonomouscodegen_dubins.obj
 0001:0005c080       ??$_Emplace_back@VDubinsPath@dubins@autonomous@@@?$_Uninitialized_backout_al@V?$allocator@VDubinsPath@dubins@autonomous@@@std@@@std@@QEAAX$$QEAVDubinsPath@dubins@autonomous@@@Z 000000018005d080 f i autonomouscodegen_dubins.obj
 0001:0005c0e0       ??$_Emplace_back_with_unused_capacity@AEBVDubinsPath@dubins@autonomous@@@?$vector@VDubinsPath@dubins@autonomous@@V?$allocator@VDubinsPath@dubins@autonomous@@@std@@@std@@AEAA?A_TAEBVDubinsPath@dubins@autonomous@@@Z 000000018005d0e0 f i autonomouscodegen_dubins.obj
 0001:0005c190       ??$_Emplace_reallocate@AEBVDubinsPath@dubins@autonomous@@@?$vector@VDubinsPath@dubins@autonomous@@V?$allocator@VDubinsPath@dubins@autonomous@@@std@@@std@@QEAAPEAVDubinsPath@dubins@autonomous@@QEAV234@AEBV234@@Z 000000018005d190 f i autonomouscodegen_dubins.obj
 0001:0005c3a0       ??$_Get_size_of_n@$07@std@@YA_K_K@Z 000000018005d3a0 f i autonomouscodegen_dubins.obj
 0001:0005c3f0       ??$_Get_size_of_n@$0CA@@std@@YA_K_K@Z 000000018005d3f0 f i autonomouscodegen_dubins.obj
 0001:0005c430       ??$_Get_unwrapped@AEAPEBN@std@@YA?A_TAEAPEBN@Z 000000018005d430 f i autonomouscodegen_dubins.obj
 0001:0005c440       ??$_Get_unwrapped@AEAV?$_Vector_iterator@V?$_Vector_val@U?$_Simple_types@VDubinsPath@dubins@autonomous@@@std@@@std@@@std@@@std@@YA?A_TAEAV?$_Vector_iterator@V?$_Vector_val@U?$_Simple_types@VDubinsPath@dubins@autonomous@@@std@@@std@@@0@@Z 000000018005d440 f i autonomouscodegen_dubins.obj
 0001:0005c460       ??$_Get_unwrapped@AEBQEAVDubinsPath@dubins@autonomous@@@std@@YA?A_TAEBQEAVDubinsPath@dubins@autonomous@@@Z 000000018005d460 f i autonomouscodegen_dubins.obj
 0001:0005c470       ??$_Get_unwrapped@AEBQEBN@std@@YA?A_TAEBQEBN@Z 000000018005d470 f i autonomouscodegen_dubins.obj
 0001:0005c480       ??$_Min_element_unchecked@PEAVDubinsPath@dubins@autonomous@@UFindShortestDubinsPath@23@@std@@YAPEAVDubinsPath@dubins@autonomous@@PEAV123@0UFindShortestDubinsPath@23@@Z 000000018005d480 f i autonomouscodegen_dubins.obj
 0001:0005c540       ??$_Pass_fn@UFindShortestDubinsPath@dubins@autonomous@@$0A@@std@@YA?AUFindShortestDubinsPath@dubins@autonomous@@U123@@Z 000000018005d540 f i autonomouscodegen_dubins.obj
 0001:0005c550       ??$_Refancy@PEAVDubinsPath@dubins@autonomous@@$0A@@std@@YAPEAVDubinsPath@dubins@autonomous@@PEAV123@@Z 000000018005d550 f i autonomouscodegen_dubins.obj
 0001:0005c560       ??$_Seek_wrapped@V?$_Vector_iterator@V?$_Vector_val@U?$_Simple_types@VDubinsPath@dubins@autonomous@@@std@@@std@@@std@@PEAVDubinsPath@dubins@autonomous@@@std@@YAXAEAV?$_Vector_iterator@V?$_Vector_val@U?$_Simple_types@VDubinsPath@dubins@autonomous@@@std@@@std@@@0@$$QEAPEAVDubinsPath@dubins@autonomous@@@Z 000000018005d560 f i autonomouscodegen_dubins.obj
 0001:0005c590       ??$_To_address@PEAN@std@@YA?A_PAEBQEAN@Z 000000018005d590 f i autonomouscodegen_dubins.obj
 0001:0005c5a0       ??$_To_address@PEBN@std@@YA?A_PAEBQEBN@Z 000000018005d5a0 f i autonomouscodegen_dubins.obj
 0001:0005c5b0       ??$_Unfancy@N@std@@YAPEANPEAN@Z 000000018005d5b0 f i autonomouscodegen_dubins.obj
 0001:0005c5c0       ??$_Unfancy@VDubinsPath@dubins@autonomous@@@std@@YAPEAVDubinsPath@dubins@autonomous@@PEAV123@@Z 000000018005d5c0 f i autonomouscodegen_dubins.obj
 0001:0005c5d0       ??$_Uninitialized_copy@PEAVDubinsPath@dubins@autonomous@@V?$allocator@VDubinsPath@dubins@autonomous@@@std@@@std@@YAPEAVDubinsPath@dubins@autonomous@@QEAV123@0PEAV123@AEAV?$allocator@VDubinsPath@dubins@autonomous@@@0@@Z 000000018005d5d0 f i autonomouscodegen_dubins.obj
 0001:0005c670       ??$_Uninitialized_copy@PEBNV?$allocator@N@std@@@std@@YAPEANQEBN0PEANAEAV?$allocator@N@0@@Z 000000018005d670 f i autonomouscodegen_dubins.obj
 0001:0005c750       ??$_Uninitialized_move@PEAVDubinsPath@dubins@autonomous@@V?$allocator@VDubinsPath@dubins@autonomous@@@std@@@std@@YAPEAVDubinsPath@dubins@autonomous@@QEAV123@0PEAV123@AEAV?$allocator@VDubinsPath@dubins@autonomous@@@0@@Z 000000018005d750 f i autonomouscodegen_dubins.obj
 0001:0005c800       ??$_Uninitialized_value_construct_n@V?$allocator@VDubinsPath@dubins@autonomous@@@std@@@std@@YAPEAVDubinsPath@dubins@autonomous@@PEAV123@_KAEAV?$allocator@VDubinsPath@dubins@autonomous@@@0@@Z 000000018005d800 f i autonomouscodegen_dubins.obj
 0001:0005c870       ??$_Voidify_iter@PEAN@std@@YAPEAXPEAN@Z 000000018005d870 f i autonomouscodegen_dubins.obj
 0001:0005c880       ??$_Voidify_iter@PEAVDubinsPath@dubins@autonomous@@@std@@YAPEAXPEAVDubinsPath@dubins@autonomous@@@Z 000000018005d880 f i autonomouscodegen_dubins.obj
 0001:0005c890       ??$addCostSegLensSegTypes@N@dubins@autonomous@@YAXPEAN00V?$vector@VDubinsPath@dubins@autonomous@@V?$allocator@VDubinsPath@dubins@autonomous@@@std@@@std@@IINI@Z 000000018005d890 f i autonomouscodegen_dubins.obj
 0001:0005cb30       ??$addressof@V?$_Vector_val@U?$_Simple_types@VDubinsPath@dubins@autonomous@@@std@@@std@@@std@@YAPEAV?$_Vector_val@U?$_Simple_types@VDubinsPath@dubins@autonomous@@@std@@@0@AEAV10@@Z 000000018005db30 f i autonomouscodegen_dubins.obj
 0001:0005cb40       ??$construct@NAEBN@?$_Default_allocator_traits@V?$allocator@N@std@@@std@@SAXAEAV?$allocator@N@1@QEANAEBN@Z 000000018005db40 f i autonomouscodegen_dubins.obj
 0001:0005cb90       ??$construct@VDubinsPath@dubins@autonomous@@$$V@?$_Default_allocator_traits@V?$allocator@VDubinsPath@dubins@autonomous@@@std@@@std@@SAXAEAV?$allocator@VDubinsPath@dubins@autonomous@@@1@QEAVDubinsPath@dubins@autonomous@@@Z 000000018005db90 f i autonomouscodegen_dubins.obj
 0001:0005cbe0       ??$construct@VDubinsPath@dubins@autonomous@@AEAV123@@?$_Default_allocator_traits@V?$allocator@VDubinsPath@dubins@autonomous@@@std@@@std@@SAXAEAV?$allocator@VDubinsPath@dubins@autonomous@@@1@QEAVDubinsPath@dubins@autonomous@@AEAV345@@Z 000000018005dbe0 f i autonomouscodegen_dubins.obj
 0001:0005cc40       ??$construct@VDubinsPath@dubins@autonomous@@AEBV123@@?$_Default_allocator_traits@V?$allocator@VDubinsPath@dubins@autonomous@@@std@@@std@@SAXAEAV?$allocator@VDubinsPath@dubins@autonomous@@@1@QEAVDubinsPath@dubins@autonomous@@AEBV345@@Z 000000018005dc40 f i autonomouscodegen_dubins.obj
 0001:0005cca0       ??$construct@VDubinsPath@dubins@autonomous@@V123@@?$_Default_allocator_traits@V?$allocator@VDubinsPath@dubins@autonomous@@@std@@@std@@SAXAEAV?$allocator@VDubinsPath@dubins@autonomous@@@1@QEAVDubinsPath@dubins@autonomous@@$$QEAV345@@Z 000000018005dca0 f i autonomouscodegen_dubins.obj
 0001:0005cd00       ??$distance@PEBN@std@@YA_JPEBN0@Z 000000018005dd00 f i autonomouscodegen_dubins.obj
 0001:0005cd20       ??$emplace_back@AEBVDubinsPath@dubins@autonomous@@@?$vector@VDubinsPath@dubins@autonomous@@V?$allocator@VDubinsPath@dubins@autonomous@@@std@@@std@@QEAA?A_TAEBVDubinsPath@dubins@autonomous@@@Z 000000018005dd20 f i autonomouscodegen_dubins.obj
 0001:0005cda0       ??$exchange@PEAVDubinsPath@dubins@autonomous@@$$T@std@@YAPEAVDubinsPath@dubins@autonomous@@AEAPEAV123@$$QEA$$T@Z 000000018005dda0 f i autonomouscodegen_dubins.obj
 0001:0005cde0       ??$forward@AEAVDubinsPath@dubins@autonomous@@@std@@YAAEAVDubinsPath@dubins@autonomous@@AEAV123@@Z 000000018005dde0 f i autonomouscodegen_dubins.obj
 0001:0005cdf0       ??$forward@AEBN@std@@YAAEBNAEBN@Z 000000018005ddf0 f i autonomouscodegen_dubins.obj
 0001:0005ce00       ??$forward@AEBQEAVDubinsPath@dubins@autonomous@@@std@@YAAEBQEAVDubinsPath@dubins@autonomous@@AEBQEAV123@@Z 000000018005de00 f i autonomouscodegen_dubins.obj
 0001:0005ce10       ??$forward@AEBV?$allocator@N@std@@@std@@YAAEBV?$allocator@N@0@AEBV10@@Z 000000018005de10 f i autonomouscodegen_dubins.obj
 0001:0005ce20       ??$forward@AEBV?$allocator@VDubinsPath@dubins@autonomous@@@std@@@std@@YAAEBV?$allocator@VDubinsPath@dubins@autonomous@@@0@AEBV10@@Z 000000018005de20 f i autonomouscodegen_dubins.obj
 0001:0005ce30       ??$forward@AEBVDubinsPath@dubins@autonomous@@@std@@YAAEBVDubinsPath@dubins@autonomous@@AEBV123@@Z 000000018005de30 f i autonomouscodegen_dubins.obj
 0001:0005ce40       ??$forward@PEAVDubinsPath@dubins@autonomous@@@std@@YA$$QEAPEAVDubinsPath@dubins@autonomous@@AEAPEAV123@@Z 000000018005de40 f i autonomouscodegen_dubins.obj
 0001:0005ce50       ??$forward@PEBN@std@@YA$$QEAPEBNAEAPEBN@Z 000000018005de50 f i autonomouscodegen_dubins.obj
 0001:0005ce60       ??$forward@V?$allocator@VDubinsPath@dubins@autonomous@@@std@@@std@@YA$$QEAV?$allocator@VDubinsPath@dubins@autonomous@@@0@AEAV10@@Z 000000018005de60 f i autonomouscodegen_dubins.obj
 0001:0005ce70       ??$forward@VDubinsPath@dubins@autonomous@@@std@@YA$$QEAVDubinsPath@dubins@autonomous@@AEAV123@@Z 000000018005de70 f i autonomouscodegen_dubins.obj
 0001:0005ce80       ??$max@I@std@@YAAEBIAEBI0@Z 000000018005de80 f i autonomouscodegen_dubins.obj
 0001:0005ced0       ??$max@N@std@@YAAEBNAEBN0@Z 000000018005ded0 f i autonomouscodegen_dubins.obj
 0001:0005cf20       ??$min@N@std@@YAAEBNAEBN0@Z 000000018005df20 f i autonomouscodegen_dubins.obj
 0001:0005cf70       ??$min@_K@std@@YAAEB_KAEB_K0@Z 000000018005df70 f i autonomouscodegen_dubins.obj
 0001:0005cfc0       ??$min_element@V?$_Vector_iterator@V?$_Vector_val@U?$_Simple_types@VDubinsPath@dubins@autonomous@@@std@@@std@@@std@@UFindShortestDubinsPath@dubins@autonomous@@@std@@YA?AV?$_Vector_iterator@V?$_Vector_val@U?$_Simple_types@VDubinsPath@dubins@autonomous@@@std@@@std@@@0@V10@0UFindShortestDubinsPath@dubins@autonomous@@@Z 000000018005dfc0 f i autonomouscodegen_dubins.obj
 0001:0005d050       ??$move@AEAPEBN@std@@YA$$QEAPEBNAEAPEBN@Z 000000018005e050 f i autonomouscodegen_dubins.obj
 0001:0005d060       ??$move@AEAV?$allocator@VDubinsPath@dubins@autonomous@@@std@@@std@@YA$$QEAV?$allocator@VDubinsPath@dubins@autonomous@@@0@AEAV10@@Z 000000018005e060 f i autonomouscodegen_dubins.obj
 0001:0005d070       ??$move@AEAVDubinsPath@dubins@autonomous@@@std@@YA$$QEAVDubinsPath@dubins@autonomous@@AEAV123@@Z 000000018005e070 f i autonomouscodegen_dubins.obj
 0001:0005d080       ??0?$DubinsDistanceFunctor@N@dubins@autonomous@@QEAA@PEBNI0INPEAN@Z 000000018005e080 f i autonomouscodegen_dubins.obj
 0001:0005d120       ??0?$DubinsSegmentsFunctor@N@dubins@autonomous@@QEAA@PEBNI0INPEBEEIPEAN22@Z 000000018005e120 f i autonomouscodegen_dubins.obj
 0001:0005d230       ??0?$ParallelRange@I@autonomous@@QEAA@III@Z 000000018005e230 f i autonomouscodegen_dubins.obj
 0001:0005d270       ??0?$_Uninitialized_backout_al@V?$allocator@N@std@@@std@@QEAA@PEANAEAV?$allocator@N@1@@Z 000000018005e270 f i autonomouscodegen_dubins.obj
 0001:0005d2b0       ??0?$_Uninitialized_backout_al@V?$allocator@VDubinsPath@dubins@autonomous@@@std@@@std@@QEAA@PEAVDubinsPath@dubins@autonomous@@AEAV?$allocator@VDubinsPath@dubins@autonomous@@@1@@Z 000000018005e2b0 f i autonomouscodegen_dubins.obj
 0001:0005d2f0       ??0?$_Vector_const_iterator@V?$_Vector_val@U?$_Simple_types@VDubinsPath@dubins@autonomous@@@std@@@std@@@std@@QEAA@PEAVDubinsPath@dubins@autonomous@@PEBU_Container_base0@1@@Z 000000018005e2f0 f i autonomouscodegen_dubins.obj
 0001:0005d330       ??0?$_Vector_iterator@V?$_Vector_val@U?$_Simple_types@VDubinsPath@dubins@autonomous@@@std@@@std@@@std@@QEAA@PEAVDubinsPath@dubins@autonomous@@PEBU_Container_base0@1@@Z 000000018005e330 f i autonomouscodegen_dubins.obj
 0001:0005d370       ??0?$_Vector_val@U?$_Simple_types@N@std@@@std@@QEAA@XZ 000000018005e370 f i autonomouscodegen_dubins.obj
 0001:0005d3b0       ??0?$_Vector_val@U?$_Simple_types@VDubinsPath@dubins@autonomous@@@std@@@std@@QEAA@PEAVDubinsPath@dubins@autonomous@@00@Z 000000018005e3b0 f i autonomouscodegen_dubins.obj
 0001:0005d400       ??0?$_Vector_val@U?$_Simple_types@VDubinsPath@dubins@autonomous@@@std@@@std@@QEAA@XZ 000000018005e400 f i autonomouscodegen_dubins.obj
 0001:0005d440       ??0?$allocator@N@std@@QEAA@XZ 000000018005e440 f i autonomouscodegen_dubins.obj
 0001:0005d450       ??0?$allocator@VDubinsPath@dubins@autonomous@@@std@@QEAA@XZ 000000018005e450 f i autonomouscodegen_dubins.obj
 0001:0005d460       ??0?$vector@VDubinsPath@dubins@autonomous@@V?$allocator@VDubinsPath@dubins@autonomous@@@std@@@std@@QEAA@$$QEAV01@@Z 000000018005e460 f i autonomouscodegen_dubins.obj
 0001:0005d560       ??0?$vector@VDubinsPath@dubins@autonomous@@V?$allocator@VDubinsPath@dubins@autonomous@@@std@@@std@@QEAA@AEBV01@@Z 000000018005e560 f i autonomouscodegen_dubins.obj
 0001:0005d5f0       ??0?$vector@VDubinsPath@dubins@autonomous@@V?$allocator@VDubinsPath@dubins@autonomous@@@std@@@std@@QEAA@XZ 000000018005e5f0 f i autonomouscodegen_dubins.obj
 0001:0005d630       ??0?$vector@VDubinsPath@dubins@autonomous@@V?$allocator@VDubinsPath@dubins@autonomous@@@std@@@std@@QEAA@_KAEBV?$allocator@VDubinsPath@dubins@autonomous@@@1@@Z 000000018005e630 f i autonomouscodegen_dubins.obj
 0001:0005d680       ??0DubinsPath@dubins@autonomous@@QEAA@NNNW4DubinsPathType@12@@Z 000000018005e680 f i autonomouscodegen_dubins.obj
 0001:0005d700       ??0_Fake_proxy_ptr_impl@std@@QEAA@AEBU_Fake_allocator@1@AEBU_Container_base0@1@@Z 000000018005e700 f i autonomouscodegen_dubins.obj
 0001:0005d720       ??0bad_alloc@std@@AEAA@QEBD@Z 000000018005e720 f i autonomouscodegen_dubins.obj
 0001:0005d760       ??0bad_alloc@std@@QEAA@AEBV01@@Z 000000018005e760 f i autonomouscodegen_dubins.obj
 0001:0005d7a0       ??0bad_array_new_length@std@@QEAA@AEBV01@@Z 000000018005e7a0 f i autonomouscodegen_dubins.obj
 0001:0005d7e0       ??0bad_array_new_length@std@@QEAA@XZ 000000018005e7e0 f i autonomouscodegen_dubins.obj
 0001:0005d820       ??0exception@std@@QEAA@AEBV01@@Z 000000018005e820 f i autonomouscodegen_dubins.obj
 0001:0005d880       ??0exception@std@@QEAA@QEBDH@Z 000000018005e880 f i autonomouscodegen_dubins.obj
 0001:0005d8d0       ??1?$_Tidy_guard@V?$vector@NV?$allocator@N@std@@@std@@@std@@QEAA@XZ 000000018005e8d0 f i autonomouscodegen_dubins.obj
 0001:0005d900       ??1?$_Tidy_guard@V?$vector@VDubinsPath@dubins@autonomous@@V?$allocator@VDubinsPath@dubins@autonomous@@@std@@@std@@@std@@QEAA@XZ 000000018005e900 f i autonomouscodegen_dubins.obj
 0001:0005d930       ??1?$_Uninitialized_backout_al@V?$allocator@N@std@@@std@@QEAA@XZ 000000018005e930 f i autonomouscodegen_dubins.obj
 0001:0005d960       ??1?$_Uninitialized_backout_al@V?$allocator@VDubinsPath@dubins@autonomous@@@std@@@std@@QEAA@XZ 000000018005e960 f i autonomouscodegen_dubins.obj
 0001:0005d990       ??1?$vector@NV?$allocator@N@std@@@std@@QEAA@XZ 000000018005e990 f i autonomouscodegen_dubins.obj
 0001:0005d9b0       ??1?$vector@VDubinsPath@dubins@autonomous@@V?$allocator@VDubinsPath@dubins@autonomous@@@std@@@std@@QEAA@XZ 000000018005e9b0 f i autonomouscodegen_dubins.obj
 0001:0005d9d0       ??1bad_alloc@std@@UEAA@XZ  000000018005e9d0 f i autonomouscodegen_dubins.obj
 0001:0005d9f0       ??1bad_array_new_length@std@@UEAA@XZ 000000018005e9f0 f i autonomouscodegen_dubins.obj
 0001:0005da10       ??1exception@std@@UEAA@XZ  000000018005ea10 f i autonomouscodegen_dubins.obj
 0001:0005da40       ??2@YAPEAX_KPEAX@Z         000000018005ea40 f i autonomouscodegen_dubins.obj
 0001:0005da50       ??A?$vector@NV?$allocator@N@std@@@std@@QEAAAEAN_K@Z 000000018005ea50 f i autonomouscodegen_dubins.obj
 0001:0005da80       ??A?$vector@VDubinsPath@dubins@autonomous@@V?$allocator@VDubinsPath@dubins@autonomous@@@std@@@std@@QEAAAEAVDubinsPath@dubins@autonomous@@_K@Z 000000018005ea80 f i autonomouscodegen_dubins.obj
 0001:0005dab0       ??D?$_Vector_const_iterator@V?$_Vector_val@U?$_Simple_types@VDubinsPath@dubins@autonomous@@@std@@@std@@@std@@QEBAAEBVDubinsPath@dubins@autonomous@@XZ 000000018005eab0 f i autonomouscodegen_dubins.obj
 0001:0005dac0       ??D?$_Vector_iterator@V?$_Vector_val@U?$_Simple_types@VDubinsPath@dubins@autonomous@@@std@@@std@@@std@@QEBAAEAVDubinsPath@dubins@autonomous@@XZ 000000018005eac0 f i autonomouscodegen_dubins.obj
 0001:0005dae0       ??R?$DubinsDistanceFunctor@N@dubins@autonomous@@QEBAXAEBV?$ParallelRange@I@2@@Z 000000018005eae0 f i autonomouscodegen_dubins.obj
 0001:0005dd90       ??R?$DubinsSegmentsFunctor@N@dubins@autonomous@@QEBAXAEBV?$ParallelRange@I@2@@Z 000000018005ed90 f i autonomouscodegen_dubins.obj
 0001:0005e430       ??RFindShortestDubinsPath@dubins@autonomous@@QEAA_NVDubinsPath@12@0@Z 000000018005f430 f i autonomouscodegen_dubins.obj
 0001:0005e4c0       ??_Gbad_alloc@std@@UEAAPEAXI@Z 000000018005f4c0 f i autonomouscodegen_dubins.obj
 0001:0005e4c0       ??_Ebad_alloc@std@@UEAAPEAXI@Z 000000018005f4c0 f i autonomouscodegen_dubins.obj
 0001:0005e500       ??_Ebad_array_new_length@std@@UEAAPEAXI@Z 000000018005f500 f i autonomouscodegen_dubins.obj
 0001:0005e500       ??_Gbad_array_new_length@std@@UEAAPEAXI@Z 000000018005f500 f i autonomouscodegen_dubins.obj
 0001:0005e540       ??_Eexception@std@@UEAAPEAXI@Z 000000018005f540 f i autonomouscodegen_dubins.obj
 0001:0005e540       ??_Gexception@std@@UEAAPEAXI@Z 000000018005f540 f i autonomouscodegen_dubins.obj
 0001:0005e580       ?_Adjust_manually_vector_aligned@std@@YAXAEAPEAXAEA_K@Z 000000018005f580 f i autonomouscodegen_dubins.obj
 0001:0005e620       ?_Adopt@_Iterator_base0@std@@QEAAXPEBX@Z 000000018005f620 f i autonomouscodegen_dubins.obj
 0001:0005e630       ?_Alloc_proxy@_Container_base0@std@@QEAAXAEBU_Fake_allocator@2@@Z 000000018005f630 f i autonomouscodegen_dubins.obj
 0001:0005e640       ?_Allocate@_Default_allocate_traits@std@@SAPEAX_K@Z 000000018005f640 f i autonomouscodegen_dubins.obj
 0001:0005e660       ?_Buy_nonzero@?$vector@NV?$allocator@N@std@@@std@@AEAAX_K@Z 000000018005f660 f i autonomouscodegen_dubins.obj
 0001:0005e6a0       ?_Buy_nonzero@?$vector@VDubinsPath@dubins@autonomous@@V?$allocator@VDubinsPath@dubins@autonomous@@@std@@@std@@AEAAX_K@Z 000000018005f6a0 f i autonomouscodegen_dubins.obj
 0001:0005e6e0       ?_Buy_raw@?$vector@NV?$allocator@N@std@@@std@@AEAAX_K@Z 000000018005f6e0 f i autonomouscodegen_dubins.obj
 0001:0005e770       ?_Buy_raw@?$vector@VDubinsPath@dubins@autonomous@@V?$allocator@VDubinsPath@dubins@autonomous@@@std@@@std@@AEAAX_K@Z 000000018005f770 f i autonomouscodegen_dubins.obj
 0001:0005e810       ?_Calculate_growth@?$vector@VDubinsPath@dubins@autonomous@@V?$allocator@VDubinsPath@dubins@autonomous@@@std@@@std@@AEBA_K_K@Z 000000018005f810 f i autonomouscodegen_dubins.obj
 0001:0005e8a0       ?_Change_array@?$vector@VDubinsPath@dubins@autonomous@@V?$allocator@VDubinsPath@dubins@autonomous@@@std@@@std@@AEAAXQEAVDubinsPath@dubins@autonomous@@_K1@Z 000000018005f8a0 f i autonomouscodegen_dubins.obj
 0001:0005e9a0       ?_Get_first@?$_Compressed_pair@V?$allocator@N@std@@V?$_Vector_val@U?$_Simple_types@N@std@@@2@$00@std@@QEAAAEAV?$allocator@N@2@XZ 000000018005f9a0 f i autonomouscodegen_dubins.obj
 0001:0005e9b0       ?_Get_first@?$_Compressed_pair@V?$allocator@N@std@@V?$_Vector_val@U?$_Simple_types@N@std@@@2@$00@std@@QEBAAEBV?$allocator@N@2@XZ 000000018005f9b0 f i autonomouscodegen_dubins.obj
 0001:0005e9c0       ?_Get_first@?$_Compressed_pair@V?$allocator@VDubinsPath@dubins@autonomous@@@std@@V?$_Vector_val@U?$_Simple_types@VDubinsPath@dubins@autonomous@@@std@@@2@$00@std@@QEAAAEAV?$allocator@VDubinsPath@dubins@autonomous@@@2@XZ 000000018005f9c0 f i autonomouscodegen_dubins.obj
 0001:0005e9d0       ?_Get_first@?$_Compressed_pair@V?$allocator@VDubinsPath@dubins@autonomous@@@std@@V?$_Vector_val@U?$_Simple_types@VDubinsPath@dubins@autonomous@@@std@@@2@$00@std@@QEBAAEBV?$allocator@VDubinsPath@dubins@autonomous@@@2@XZ 000000018005f9d0 f i autonomouscodegen_dubins.obj
 0001:0005e9e0       ?_Getal@?$vector@NV?$allocator@N@std@@@std@@AEAAAEAV?$allocator@N@2@XZ 000000018005f9e0 f i autonomouscodegen_dubins.obj
 0001:0005ea00       ?_Getal@?$vector@NV?$allocator@N@std@@@std@@AEBAAEBV?$allocator@N@2@XZ 000000018005fa00 f i autonomouscodegen_dubins.obj
 0001:0005ea20       ?_Getal@?$vector@VDubinsPath@dubins@autonomous@@V?$allocator@VDubinsPath@dubins@autonomous@@@std@@@std@@AEAAAEAV?$allocator@VDubinsPath@dubins@autonomous@@@2@XZ 000000018005fa20 f i autonomouscodegen_dubins.obj
 0001:0005ea40       ?_Getal@?$vector@VDubinsPath@dubins@autonomous@@V?$allocator@VDubinsPath@dubins@autonomous@@@std@@@std@@AEBAAEBV?$allocator@VDubinsPath@dubins@autonomous@@@2@XZ 000000018005fa40 f i autonomouscodegen_dubins.obj
 0001:0005ea60       ?_Orphan_all@_Container_base0@std@@QEAAXXZ 000000018005fa60 f i autonomouscodegen_dubins.obj
 0001:0005ea70       ?_Orphan_range@?$vector@VDubinsPath@dubins@autonomous@@V?$allocator@VDubinsPath@dubins@autonomous@@@std@@@std@@AEBAXPEAVDubinsPath@dubins@autonomous@@0@Z 000000018005fa70 f i autonomouscodegen_dubins.obj
 0001:0005ea80       ?_Release@?$_Uninitialized_backout_al@V?$allocator@N@std@@@std@@QEAAPEANXZ 000000018005fa80 f i autonomouscodegen_dubins.obj
 0001:0005eaa0       ?_Release@?$_Uninitialized_backout_al@V?$allocator@VDubinsPath@dubins@autonomous@@@std@@@std@@QEAAPEAVDubinsPath@dubins@autonomous@@XZ 000000018005faa0 f i autonomouscodegen_dubins.obj
 0001:0005eac0       ?_Release@_Fake_proxy_ptr_impl@std@@QEAAXXZ 000000018005fac0 f i autonomouscodegen_dubins.obj
 0001:0005ead0       ?_Seek_to@?$_Vector_const_iterator@V?$_Vector_val@U?$_Simple_types@VDubinsPath@dubins@autonomous@@@std@@@std@@@std@@QEAAXPEBVDubinsPath@dubins@autonomous@@@Z 000000018005fad0 f i autonomouscodegen_dubins.obj
 0001:0005eb00       ?_Swap_proxy_and_iterators@_Container_base0@std@@QEAAXAEAU12@@Z 000000018005fb00 f i autonomouscodegen_dubins.obj
 0001:0005eb10       ?_Throw_bad_array_new_length@std@@YAXXZ 000000018005fb10 f i autonomouscodegen_dubins.obj
 0001:0005eb40       ?_Tidy@?$vector@NV?$allocator@N@std@@@std@@AEAAXXZ 000000018005fb40 f i autonomouscodegen_dubins.obj
 0001:0005ec10       ?_Tidy@?$vector@VDubinsPath@dubins@autonomous@@V?$allocator@VDubinsPath@dubins@autonomous@@@std@@@std@@AEAAXXZ 000000018005fc10 f i autonomouscodegen_dubins.obj
 0001:0005ece0       ?_Unwrapped@?$_Vector_iterator@V?$_Vector_val@U?$_Simple_types@VDubinsPath@dubins@autonomous@@@std@@@std@@@std@@QEBAPEAVDubinsPath@dubins@autonomous@@XZ 000000018005fce0 f i autonomouscodegen_dubins.obj
 0001:0005ed00       ?_Xlength@?$vector@NV?$allocator@N@std@@@std@@CAXXZ 000000018005fd00 f i autonomouscodegen_dubins.obj
 0001:0005ed20       ?_Xlength@?$vector@VDubinsPath@dubins@autonomous@@V?$allocator@VDubinsPath@dubins@autonomous@@@std@@@std@@CAXXZ 000000018005fd20 f i autonomouscodegen_dubins.obj
 0001:0005ed40       ?allDubins@dubins@autonomous@@YA?AV?$vector@VDubinsPath@dubins@autonomous@@V?$allocator@VDubinsPath@dubins@autonomous@@@std@@@std@@NNNEQEBE@Z 000000018005fd40 f i autonomouscodegen_dubins.obj
 0001:0005f730       ?allocate@?$allocator@N@std@@QEAAPEAN_K@Z 0000000180060730 f i autonomouscodegen_dubins.obj
 0001:0005f760       ?allocate@?$allocator@VDubinsPath@dubins@autonomous@@@std@@QEAAPEAVDubinsPath@dubins@autonomous@@_K@Z 0000000180060760 f i autonomouscodegen_dubins.obj
 0001:0005f790       ?begin@?$ParallelRange@I@autonomous@@QEBAIXZ 0000000180060790 f i autonomouscodegen_dubins.obj
 0001:0005f7a0       ?begin@?$vector@VDubinsPath@dubins@autonomous@@V?$allocator@VDubinsPath@dubins@autonomous@@@std@@@std@@QEAA?AV?$_Vector_iterator@V?$_Vector_val@U?$_Simple_types@VDubinsPath@dubins@autonomous@@@std@@@std@@@2@XZ 00000001800607a0 f i autonomouscodegen_dubins.obj
 0001:0005f7f0       ?capacity@?$vector@VDubinsPath@dubins@autonomous@@V?$allocator@VDubinsPath@dubins@autonomous@@@std@@@std@@QEBA_KXZ 00000001800607f0 f i autonomouscodegen_dubins.obj
 0001:0005f820       ?computeAllDubinsPaths@dubins@autonomous@@YA?AV?$vector@VDubinsPath@dubins@autonomous@@V?$allocator@VDubinsPath@dubins@autonomous@@@std@@@std@@QEBN0NEQEBE@Z 0000000180060820 f i autonomouscodegen_dubins.obj
 0001:0005f9a0       ?computeDubinsPath@dubins@autonomous@@YA?AVDubinsPath@12@QEBN0N@Z 00000001800609a0 f i autonomouscodegen_dubins.obj
 0001:0005fad0       ?deallocate@?$allocator@N@std@@QEAAXQEAN_K@Z 0000000180060ad0 f i autonomouscodegen_dubins.obj
 0001:0005fb00       ?deallocate@?$allocator@VDubinsPath@dubins@autonomous@@@std@@QEAAXQEAVDubinsPath@dubins@autonomous@@_K@Z 0000000180060b00 f i autonomouscodegen_dubins.obj
 0001:0005fb30       ?dubinsLRL@dubins@autonomous@@YA?AVDubinsPath@12@NNN@Z 0000000180060b30 f i autonomouscodegen_dubins.obj
 0001:0005fd70       ?dubinsLSL@dubins@autonomous@@YA?AVDubinsPath@12@NNN@Z 0000000180060d70 f i autonomouscodegen_dubins.obj
 0001:0005ff80       ?dubinsLSR@dubins@autonomous@@YA?AVDubinsPath@12@NNN@Z 0000000180060f80 f i autonomouscodegen_dubins.obj
 0001:000601d0       ?dubinsRLR@dubins@autonomous@@YA?AVDubinsPath@12@NNN@Z 00000001800611d0 f i autonomouscodegen_dubins.obj
 0001:00060400       ?dubinsRSL@dubins@autonomous@@YA?AVDubinsPath@12@NNN@Z 0000000180061400 f i autonomouscodegen_dubins.obj
 0001:00060630       ?dubinsRSR@dubins@autonomous@@YA?AVDubinsPath@12@NNN@Z 0000000180061630 f i autonomouscodegen_dubins.obj
 0001:00060840       ?end@?$ParallelRange@I@autonomous@@QEBAIXZ 0000000180061840 f i autonomouscodegen_dubins.obj
 0001:00060850       ?end@?$vector@VDubinsPath@dubins@autonomous@@V?$allocator@VDubinsPath@dubins@autonomous@@@std@@@std@@QEAA?AV?$_Vector_iterator@V?$_Vector_val@U?$_Simple_types@VDubinsPath@dubins@autonomous@@@std@@@std@@@2@XZ 0000000180061850 f i autonomouscodegen_dubins.obj
 0001:000608a0       ?getInf@autonomous@@YANXZ  00000001800618a0 f i autonomouscodegen_dubins.obj
 0001:000608c0       ?getNaN@autonomous@@YANXZ  00000001800618c0 f i autonomouscodegen_dubins.obj
 0001:000608e0       ?getPathType@DubinsPath@dubins@autonomous@@QEBA?AW4DubinsPathType@23@XZ 00000001800618e0 f i autonomouscodegen_dubins.obj
 0001:000608f0       ?getPi@autonomous@@YANXZ   00000001800618f0 f i autonomouscodegen_dubins.obj
 0001:00060900       ?getSegmentLengths@DubinsPath@dubins@autonomous@@QEBAPEBNXZ 0000000180061900 f i autonomouscodegen_dubins.obj
 0001:00060920       ?interpolateAlongInitializedDPath@dubins@autonomous@@YAXNPEBW4DubinsSegmentType@12@PEBN11NNPEAN@Z 0000000180061920 f i autonomouscodegen_dubins.obj
 0001:00060f40       ?interpolateDubins@dubins@autonomous@@YAXPEBN0NINPEAN@Z 0000000180061f40 f i autonomouscodegen_dubins.obj
 0001:00061320       ?interpolateDubinsSegments@dubins@autonomous@@YAXPEBN00IN0PEBIPEAN@Z 0000000180062320 f i autonomouscodegen_dubins.obj
 0001:000615e0       ?isNaN@queries@autonomous@@YA_NN@Z 00000001800625e0 f i autonomouscodegen_dubins.obj
 0001:00061620       ?length@DubinsPath@dubins@autonomous@@QEBANXZ 0000000180062620 f i autonomouscodegen_dubins.obj
 0001:00061670       ?max@?$numeric_limits@_J@std@@SA_JXZ 0000000180062670 f i autonomouscodegen_dubins.obj
 0001:00061680       ?max_size@?$_Default_allocator_traits@V?$allocator@N@std@@@std@@SA_KAEBV?$allocator@N@2@@Z 0000000180062680 f i autonomouscodegen_dubins.obj
 0001:00061690       ?max_size@?$_Default_allocator_traits@V?$allocator@VDubinsPath@dubins@autonomous@@@std@@@std@@SA_KAEBV?$allocator@VDubinsPath@dubins@autonomous@@@2@@Z 0000000180062690 f i autonomouscodegen_dubins.obj
 0001:000616a0       ?max_size@?$vector@NV?$allocator@N@std@@@std@@QEBA_KXZ 00000001800626a0 f i autonomouscodegen_dubins.obj
 0001:000616f0       ?max_size@?$vector@VDubinsPath@dubins@autonomous@@V?$allocator@VDubinsPath@dubins@autonomous@@@std@@@std@@QEBA_KXZ 00000001800626f0 f i autonomouscodegen_dubins.obj
 0001:00061740       ?push_back@?$vector@VDubinsPath@dubins@autonomous@@V?$allocator@VDubinsPath@dubins@autonomous@@@std@@@std@@QEAAXAEBVDubinsPath@dubins@autonomous@@@Z 0000000180062740 f i autonomouscodegen_dubins.obj
 0001:00061770       ?select_on_container_copy_construction@?$_Default_allocator_traits@V?$allocator@VDubinsPath@dubins@autonomous@@@std@@@std@@SA?AV?$allocator@VDubinsPath@dubins@autonomous@@@2@AEBV32@@Z 0000000180062770 f i autonomouscodegen_dubins.obj
 0001:00061780       ?shortestDubins@dubins@autonomous@@YA?AVDubinsPath@12@NNN@Z 0000000180062780 f i autonomouscodegen_dubins.obj
 0001:00061b60       ?what@exception@std@@UEBAPEBDXZ 0000000180062b60 f i autonomouscodegen_dubins.obj
 0001:00061ba0       ?wrapToTwoPi@autonomous@@YANN@Z 0000000180062ba0 f i autonomouscodegen_dubins.obj
 0001:00061c30       getBitfieldFromFloat       0000000180062c30 f   half_type.obj
 0001:00061c60       getFloatFromBitfield       0000000180062c60 f   half_type.obj
 0001:00061c90       getBitfieldFromHalf        0000000180062c90 f   half_type.obj
 0001:00061cb0       getHalfFromBitfield        0000000180062cb0 f   half_type.obj
 0001:00061ce0       halfToFloat                0000000180062ce0 f   half_type.obj
 0001:00061e60       halfToDouble               0000000180062e60 f   half_type.obj
 0001:00061e90       floatToHalf                0000000180062e90 f   half_type.obj
 0001:000620f0       doubleToHalf               00000001800630f0 f   half_type.obj
 0001:000623db       dilate_binary_twod_tbb     00000001800633db f   libmwmorphop_binary_tbb:libmwmorphop_binary_tbb.dll
 0001:000623e1       sf_load_rtw_optimization_info 00000001800633e1 f   sf_runtime:sf_runtime.dll
 0001:000623e7       sf_mex_decode              00000001800633e7 f   sf_runtime:sf_runtime.dll
 0001:000623ed       sf_init_ChartRunTimeInfo   00000001800633ed f   sf_runtime:sf_runtime.dll
 0001:000623f3       sf_free_ChartRunTimeInfo   00000001800633f3 f   sf_runtime:sf_runtime.dll
 0001:000623f9       sf_reset_warnings_ChartRunTimeInfo 00000001800633f9 f   sf_runtime:sf_runtime.dll
 0001:000623ff       sfrtGetEmlrtCtx            00000001800633ff f   sf_runtime:sf_runtime.dll
 0001:00062405       sfrtGetCovrtInstance       0000000180063405 f   sf_runtime:sf_runtime.dll
 0001:0006240b       sf_get_chart_instance_ptr  000000018006340b f   sf_runtime:sf_runtime.dll
 0001:00062411       sfSetAnimationVectors      0000000180063411 f   sf_runtime:sf_runtime.dll
 0001:00062417       sim_mode_is_rtw_gen        0000000180063417 f   sf_runtime:sf_runtime.dll
 0001:0006241d       sim_mode_is_external       000000018006341d f   sf_runtime:sf_runtime.dll
 0001:00062423       sf_mex_listen_for_ctrl_c   0000000180063423 f   sf_runtime:sf_runtime.dll
 0001:00062429       sf_mex_get_sfun_param      0000000180063429 f   sf_runtime:sf_runtime.dll
 0001:0006242f       sf_clear_rtw_identifier    000000018006342f f   sf_runtime:sf_runtime.dll
 0001:00062435       sf_get_time                0000000180063435 f   sf_runtime:sf_runtime.dll
 0001:0006243b       sf_set_work_widths         000000018006343b f   sf_runtime:sf_runtime.dll
 0001:00062441       sf_error_out_about_continuous_sample_time_with_persistent_vars 0000000180063441 f   sf_runtime:sf_runtime.dll
 0001:00062447       sfHasContStates            0000000180063447 f   sf_runtime:sf_runtime.dll
 0001:0006244d       supportsLegacyBehaviorForPersistentVarInContinuousTime 000000018006344d f   sf_runtime:sf_runtime.dll
 0001:00062453       mdlProcessParamsCommon     0000000180063453 f   sf_runtime:sf_runtime.dll
 0001:00062459       sf_mex_call                0000000180063459 f   sf_runtime:sf_runtime.dll
 0001:0006245f       sf_mex_error_message       000000018006345f f   sf_runtime:sf_runtime.dll
 0001:00062465       sf_mex_getfield            0000000180063465 f   sf_runtime:sf_runtime.dll
 0001:0006246b       sf_mex_setfieldbyindex     000000018006346b f   sf_runtime:sf_runtime.dll
 0001:00062471       sf_mex_check_struct        0000000180063471 f   sf_runtime:sf_runtime.dll
 0001:00062477       sf_mex_check_bus_parameter 0000000180063477 f   sf_runtime:sf_runtime.dll
 0001:0006247d       sf_mex_check_cell          000000018006347d f   sf_runtime:sf_runtime.dll
 0001:00062483       sf_mex_check_cell_vs       0000000180063483 f   sf_runtime:sf_runtime.dll
 0001:00062489       sf_mex_check_mcos_class    0000000180063489 f   sf_runtime:sf_runtime.dll
 0001:0006248f       sf_mex_create_class_instance 000000018006348f f   sf_runtime:sf_runtime.dll
 0001:00062495       sf_mex_set_all_properties  0000000180063495 f   sf_runtime:sf_runtime.dll
 0001:0006249b       sf_mex_get_all_properties  000000018006349b f   sf_runtime:sf_runtime.dll
 0001:000624a1       sf_mex_convert_to_redirect_target 00000001800634a1 f   sf_runtime:sf_runtime.dll
 0001:000624a7       sf_mex_convert_to_redirect_source 00000001800634a7 f   sf_runtime:sf_runtime.dll
 0001:000624ad       sf_mex_createstruct        00000001800634ad f   sf_runtime:sf_runtime.dll
 0001:000624b3       sf_mex_create              00000001800634b3 f   sf_runtime:sf_runtime.dll
 0001:000624b9       sf_mex_createcellarray     00000001800634b9 f   sf_runtime:sf_runtime.dll
 0001:000624bf       sf_mex_createcellmatrix    00000001800634bf f   sf_runtime:sf_runtime.dll
 0001:000624c5       sf_mex_setcell             00000001800634c5 f   sf_runtime:sf_runtime.dll
 0001:000624cb       sf_mex_getcell             00000001800634cb f   sf_runtime:sf_runtime.dll
 0001:000624d1       sf_mex_assign              00000001800634d1 f   sf_runtime:sf_runtime.dll
 0001:000624d7       sf_mex_dup                 00000001800634d7 f   sf_runtime:sf_runtime.dll
 0001:000624dd       sf_mex_destroy             00000001800634dd f   sf_runtime:sf_runtime.dll
 0001:000624e3       sf_mex_import              00000001800634e3 f   sf_runtime:sf_runtime.dll
 0001:000624e9       sf_mex_import_named        00000001800634e9 f   sf_runtime:sf_runtime.dll
 0001:000624ef       sf_mex_import_vs           00000001800634ef f   sf_runtime:sf_runtime.dll
 0001:000624f5       sf_mex_get_dimension       00000001800634f5 f   sf_runtime:sf_runtime.dll
 0001:000624fb       sf_mex_clear_bus_parameter_worklist 00000001800634fb f   sf_runtime:sf_runtime.dll
 0001:00062501       ssGetInputPortSignal_wrapper 0000000180063501 f   sf_runtime:sf_runtime.dll
 0001:00062507       ssGetOutputPortSignal_wrapper 0000000180063507 f   sf_runtime:sf_runtime.dll
 0001:0006250d       sf_data_overflow_error     000000018006350d f   sf_runtime:sf_runtime.dll
 0001:00062513       sf_get_ChartInfoStruct_CodeGen 0000000180063513 f   sf_runtime:sf_runtime.dll
 0001:00062519       sf_get_hasSeparateUpdateOutputs 0000000180063519 f   sf_runtime:sf_runtime.dll
 0001:0006251f       callMdlMethodAndReportError 000000018006351f f   sf_runtime:sf_runtime.dll
 0001:00062525       call_sf_machine_global_method_dispatcher 0000000180063525 f   sf_runtime:sf_runtime.dll
 0001:0006252b       getRuntimeInstanceInfoAsVoid 000000018006352b f   sf_runtime:sf_runtime.dll
 0001:00062531       sf_mex_error_direct_call   0000000180063531 f   sf_runtime:sf_runtime.dll
 0001:00062537       sf_clear_error_manager_info 0000000180063537 f   sf_runtime:sf_runtime.dll
 0001:0006253d       mxIsChar_800               000000018006353d f   libmx:libmx.dll
 0001:00062543       mxGetScalar_800            0000000180063543 f   libmx:libmx.dll
 0001:00062549       mxGetPr_800                0000000180063549 f   libmx:libmx.dll
 0001:0006254f       mxDestroyArray_800         000000018006354f f   libmx:libmx.dll
 0001:00062555       mxCreateDoubleMatrix_800   0000000180063555 f   libmx:libmx.dll
 0001:0006255b       mxGetString_800            000000018006355b f   libmx:libmx.dll
 0001:00062561       mxDuplicateArray_800       0000000180063561 f   libmx:libmx.dll
 0001:00062567       mxIsEmpty_800              0000000180063567 f   libmx:libmx.dll
 0001:0006256d       mxSetCell_800              000000018006356d f   libmx:libmx.dll
 0001:00062573       mxSetField_800             0000000180063573 f   libmx:libmx.dll
 0001:00062579       mxCreateString_800         0000000180063579 f   libmx:libmx.dll
 0001:0006257f       mxCreateCellMatrix_800     000000018006357f f   libmx:libmx.dll
 0001:00062585       mxCreateStructMatrix_800   0000000180063585 f   libmx:libmx.dll
 0001:0006258b       mxGetInf_800               000000018006358b f   libmx:libmx.dll
 0001:00062591       mxGetNaN_800               0000000180063591 f   libmx:libmx.dll
 0001:00062597       mxCalloc_800               0000000180063597 f   libmx:libmx.dll
 0001:0006259d       mxGetM_800                 000000018006359d f   libmx:libmx.dll
 0001:000625a3       mxGetClassID_800           00000001800635a3 f   libmx:libmx.dll
 0001:000625a9       mxIsNumeric_800            00000001800635a9 f   libmx:libmx.dll
 0001:000625af       mxIsComplex_800            00000001800635af f   libmx:libmx.dll
 0001:000625b5       mxGetN_800                 00000001800635b5 f   libmx:libmx.dll
 0001:000625bb       mxCreateDoubleScalar_800   00000001800635bb f   libmx:libmx.dll
 0001:000625c1       mexMakeArrayPersistent_800 00000001800635c1 f   libmex:libmex.dll
 0001:000625c7       mexErrMsgTxt_800           00000001800635c7 f   libmex:libmex.dll
 0001:000625cd       mexWarnMsgTxt_800          00000001800635cd f   libmex:libmex.dll
 0001:000625d3       mexCallMATLAB_800          00000001800635d3 f   libmex:libmex.dll
 0001:000625d9       mexLock_800                00000001800635d9 f   libmex:libmex.dll
 0001:000625df       mexUnlock_800              00000001800635df f   libmex:libmex.dll
 0001:000625e5       mexIsLocked_800            00000001800635e5 f   libmex:libmex.dll
 0001:000625eb       utMalloc                   00000001800635eb f   libut:libut.dll
 0001:000625f1       utFree                     00000001800635f1 f   libut:libut.dll
 0001:000625f7       muDoubleScalarAbs          00000001800635f7 f   libmwmathutil:libmwmathutil.dll
 0001:000625fd       muDoubleScalarCeil         00000001800635fd f   libmwmathutil:libmwmathutil.dll
 0001:00062603       muDoubleScalarFloor        0000000180063603 f   libmwmathutil:libmwmathutil.dll
 0001:00062609       muDoubleScalarRound        0000000180063609 f   libmwmathutil:libmwmathutil.dll
 0001:0006260f       muDoubleScalarAtan         000000018006360f f   libmwmathutil:libmwmathutil.dll
 0001:00062615       muDoubleScalarCos          0000000180063615 f   libmwmathutil:libmwmathutil.dll
 0001:0006261b       muDoubleScalarLog          000000018006361b f   libmwmathutil:libmwmathutil.dll
 0001:00062621       muDoubleScalarMax          0000000180063621 f   libmwmathutil:libmwmathutil.dll
 0001:00062627       muDoubleScalarMin          0000000180063627 f   libmwmathutil:libmwmathutil.dll
 0001:0006262d       muDoubleScalarSin          000000018006362d f   libmwmathutil:libmwmathutil.dll
 0001:00062633       muDoubleScalarSign         0000000180063633 f   libmwmathutil:libmwmathutil.dll
 0001:00062639       muDoubleScalarSqrt         0000000180063639 f   libmwmathutil:libmwmathutil.dll
 0001:0006263f       muDoubleScalarRem          000000018006363f f   libmwmathutil:libmwmathutil.dll
 0001:00062645       muIntScalarMax_sint32      0000000180063645 f   libmwmathutil:libmwmathutil.dll
 0001:0006264b       muIntScalarMin_sint32      000000018006364b f   libmwmathutil:libmwmathutil.dll
 0001:00062651       muDoubleScalarIsNaN        0000000180063651 f   libmwmathutil:libmwmathutil.dll
 0001:00062657       muDoubleScalarIsInf        0000000180063657 f   libmwmathutil:libmwmathutil.dll
 0001:0006265d       emlrtMexSnprintf           000000018006365d f   libemlrt:libemlrt.dll
 0001:00062663       emlrtLicenseCheckR2022a    0000000180063663 f   libemlrt:libemlrt.dll
 0001:00062669       emlrtDynamicBoundsCheckR2012b 0000000180063669 f   libemlrt:libemlrt.dll
 0001:0006266f       emlrtSizeMulR2012b         000000018006366f f   libemlrt:libemlrt.dll
 0001:00062675       emlrtIntegerCheckR2012b    0000000180063675 f   libemlrt:libemlrt.dll
 0001:0006267b       emlrtNonNegativeCheckR2012b 000000018006367b f   libemlrt:libemlrt.dll
 0001:00062681       emlrtForLoopVectorCheckR2021a 0000000180063681 f   libemlrt:libemlrt.dll
 0001:00062687       emlrtMallocMex             0000000180063687 f   libemlrt:libemlrt.dll
 0001:0006268d       emlrtFreeMex               000000018006368d f   libemlrt:libemlrt.dll
 0001:00062693       emlrtNameCaptureMxArrayR2016a 0000000180063693 f   libemlrt:libemlrt.dll
 0001:00062699       emlrtHeapAllocationErrorR2012b 0000000180063699 f   libemlrt:libemlrt.dll
 0001:0006269f       emlrtSizeEqCheck1DR2012b   000000018006369f f   libemlrt:libemlrt.dll
 0001:000626a5       emlrtDimSizeEqCheckR2012b  00000001800636a5 f   libemlrt:libemlrt.dll
 0001:000626ab       emlrtDimSizeGeqCheckR2012b 00000001800636ab f   libemlrt:libemlrt.dll
 0001:000626b1       emlrtDimSizeImpxCheckR2021b 00000001800636b1 f   libemlrt:libemlrt.dll
 0001:000626b7       emlrtSubAssignSizeCheckR2012b 00000001800636b7 f   libemlrt:libemlrt.dll
 0001:000626bd       emlrtSubAssignSizeCheck1dR2017a 00000001800636bd f   libemlrt:libemlrt.dll
 0001:000626c3       covrtCreateStateflowInstanceData 00000001800636c3 f   libcovrt:libcovrt.dll
 0001:000626c9       covrtDeleteStateflowInstanceData 00000001800636c9 f   libcovrt:libcovrt.dll
 0001:000626cf       covrtTransInitFcn          00000001800636cf f   libcovrt:libcovrt.dll
 0001:000626d5       covrtStateInitFcn          00000001800636d5 f   libcovrt:libcovrt.dll
 0001:000626db       covrtChartInitFcn          00000001800636db f   libcovrt:libcovrt.dll
 0001:000626e1       covrtRelationalopUpdateFcn 00000001800636e1 f   libcovrt:libcovrt.dll
 0001:000626e7       covrtSigUpdateFcn          00000001800636e7 f   libcovrt:libcovrt.dll
 0001:000626ed       covrtEmlInitFcn            00000001800636ed f   libcovrt:libcovrt.dll
 0001:000626f3       covrtEmlFcnInitFcn         00000001800636f3 f   libcovrt:libcovrt.dll
 0001:000626f9       covrtEmlIfInitFcn          00000001800636f9 f   libcovrt:libcovrt.dll
 0001:000626ff       covrtEmlMCDCInitFcn        00000001800636ff f   libcovrt:libcovrt.dll
 0001:00062705       covrtEmlRelationalInitFcn  0000000180063705 f   libcovrt:libcovrt.dll
 0001:0006270b       covrtEmlFcnEval            000000018006370b f   libcovrt:libcovrt.dll
 0001:00062711       covrtEmlIfEval             0000000180063711 f   libcovrt:libcovrt.dll
 0001:00062717       covrtEmlCondEval           0000000180063717 f   libcovrt:libcovrt.dll
 0001:0006271d       covrtEmlMcdcEval           000000018006371d f   libcovrt:libcovrt.dll
 0001:00062724       __raise_securityfailure    0000000180063724 f   MSVCRT:gs_report.obj
 0001:00062758       __report_gsfailure         0000000180063758 f   MSVCRT:gs_report.obj
 0001:0006282c       __report_rangecheckfailure 000000018006382c f   MSVCRT:gs_report.obj
 0001:00062840       __report_securityfailure   0000000180063840 f   MSVCRT:gs_report.obj
 0001:000628dc       __report_securityfailureEx 00000001800638dc f   MSVCRT:gs_report.obj
 0001:00062ad0       __GSHandlerCheck           0000000180063ad0 f   MSVCRT:gshandler.obj
 0001:00062af0       __GSHandlerCheckCommon     0000000180063af0 f   MSVCRT:gshandler.obj
 0001:00062b60       __security_check_cookie    0000000180063b60 f   MSVCRT:amdsecgs.obj
 0001:00062b90       _alloca_probe              0000000180063b90 f   MSVCRT:chkstk.obj
 0001:00062b90       __chkstk                   0000000180063b90 f   MSVCRT:chkstk.obj
 0001:00062be0       ??2@YAPEAX_K@Z             0000000180063be0 f   MSVCRT:new_scalar.obj
 0001:00062c1c       ??3@YAXPEAX_K@Z            0000000180063c1c f   MSVCRT:delete_scalar_size.obj
 0001:00062dd4       _Init_thread_abort         0000000180063dd4 f   MSVCRT:thread_safe_statics.obj
 0001:00062e04       _Init_thread_footer        0000000180063e04 f   MSVCRT:thread_safe_statics.obj
 0001:00062e64       _Init_thread_header        0000000180063e64 f   MSVCRT:thread_safe_statics.obj
 0001:00062ecc       _Init_thread_lock          0000000180063ecc f   MSVCRT:thread_safe_statics.obj
 0001:00062edc       _Init_thread_notify        0000000180063edc f   MSVCRT:thread_safe_statics.obj
 0001:00062f20       _Init_thread_unlock        0000000180063f20 f   MSVCRT:thread_safe_statics.obj
 0001:00062f30       _Init_thread_wait          0000000180063f30 f   MSVCRT:thread_safe_statics.obj
 0001:00062f94       __GSHandlerCheck_EH4       0000000180063f94 f   MSVCRT:gshandlereh4.obj
 0001:00063014       ??1type_info@@UEAA@XZ      0000000180064014 f   MSVCRT:std_type_info_static.obj
 0001:00063020       ??_Gtype_info@@UEAAPEAXI@Z 0000000180064020 f i MSVCRT:std_type_info_static.obj
 0001:00063020       ??_Etype_info@@UEAAPEAXI@Z 0000000180064020 f i MSVCRT:std_type_info_static.obj
 0001:00063388       _CRT_INIT                  0000000180064388 f   MSVCRT:dll_dllmain.obj
 0001:00063390       _DllMainCRTStartup         0000000180064390 f   MSVCRT:dll_dllmain.obj
 0001:000633d0       ??0bad_alloc@std@@QEAA@XZ  00000001800643d0 f i MSVCRT:throw_bad_alloc.obj
 0001:000633f0       ?__scrt_throw_std_bad_alloc@@YAXXZ 00000001800643f0 f   MSVCRT:throw_bad_alloc.obj
 0001:00063410       ?__scrt_throw_std_bad_array_new_length@@YAXXZ 0000000180064410 f   MSVCRT:throw_bad_alloc.obj
 0001:00063430       ??3@YAXPEAX@Z              0000000180064430 f   MSVCRT:delete_scalar.obj
 0001:00063438       ?configure_argv@__scrt_narrow_argv_policy@@SAHXZ 0000000180064438 f i MSVCRT:utility.obj
 0001:00063498       ?initialize_environment@__scrt_narrow_environment_policy@@SAHXZ 0000000180064498 f i MSVCRT:utility.obj
 0001:000634d0       NtCurrentTeb               00000001800644d0 f i MSVCRT:utility.obj
 0001:000634dc       __scrt_acquire_startup_lock 00000001800644dc f   MSVCRT:utility.obj
 0001:00063518       __scrt_dllmain_after_initialize_c 0000000180064518 f   MSVCRT:utility.obj
 0001:0006354c       __scrt_dllmain_before_initialize_c 000000018006454c f   MSVCRT:utility.obj
 0001:00063564       __scrt_dllmain_crt_thread_attach 0000000180064564 f   MSVCRT:utility.obj
 0001:0006358c       __scrt_dllmain_crt_thread_detach 000000018006458c f   MSVCRT:utility.obj
 0001:000635a4       __scrt_dllmain_exception_filter 00000001800645a4 f   MSVCRT:utility.obj
 0001:00063604       __scrt_dllmain_uninitialize_c 0000000180064604 f   MSVCRT:utility.obj
 0001:00063634       __scrt_dllmain_uninitialize_critical 0000000180064634 f   MSVCRT:utility.obj
 0001:00063648       __scrt_initialize_crt      0000000180064648 f   MSVCRT:utility.obj
 0001:00063694       __scrt_initialize_onexit_tables 0000000180064694 f   MSVCRT:utility.obj
 0001:00063720       __scrt_is_nonwritable_in_current_image 0000000180064720 f   MSVCRT:utility.obj
 0001:000637b8       __scrt_release_startup_lock 00000001800647b8 f   MSVCRT:utility.obj
 0001:000637dc       __scrt_uninitialize_crt    00000001800647dc f   MSVCRT:utility.obj
 0001:00063808       _onexit                    0000000180064808 f   MSVCRT:utility.obj
 0001:00063844       at_quick_exit              0000000180064844 f   MSVCRT:utility.obj
 0001:00063864       atexit                     0000000180064864 f   MSVCRT:utility.obj
 0001:0006387c       __crt_debugger_hook        000000018006487c f   MSVCRT:utility_desktop.obj
 0001:00063884       __scrt_fastfail            0000000180064884 f   MSVCRT:utility_desktop.obj
 0001:000639d0       __scrt_get_show_window_mode 00000001800649d0 f   MSVCRT:utility_desktop.obj
 0001:00063a0c       __scrt_initialize_mta      0000000180064a0c f   MSVCRT:utility_desktop.obj
 0001:00063a14       __scrt_initialize_winrt    0000000180064a14 f   MSVCRT:utility_desktop.obj
 0001:00063a18       __scrt_is_managed_app      0000000180064a18 f   MSVCRT:utility_desktop.obj
 0001:00063a6c       __scrt_set_unhandled_exception_filter 0000000180064a6c f   MSVCRT:utility_desktop.obj
 0001:00063a7c       __scrt_stub_for_initialize_mta 0000000180064a7c f   MSVCRT:utility_desktop.obj
 0001:00063a7c       __scrt_exe_initialize_mta  0000000180064a7c f   MSVCRT:utility_desktop.obj
 0001:00063a80       __scrt_unhandled_exception_filter 0000000180064a80 f   MSVCRT:utility_desktop.obj
 0001:00063adc       _guard_check_icall_nop     0000000180064adc f i MSVCRT:guard_support.obj
 0001:00063ae0       ReadNoFence64              0000000180064ae0 f i MSVCRT:guard_support.obj
 0001:00063ae4       ReadPointerNoFence         0000000180064ae4 f i MSVCRT:guard_support.obj
 0001:00063ae8       __castguard_check_failure_debugbreak 0000000180064ae8 f i MSVCRT:guard_support.obj
 0001:00063b04       __castguard_check_failure_fastfail 0000000180064b04 f i MSVCRT:guard_support.obj
 0001:00063b28       __castguard_check_failure_nop 0000000180064b28 f i MSVCRT:guard_support.obj
 0001:00063b2c       __castguard_check_failure_os_handled 0000000180064b2c f i MSVCRT:guard_support.obj
 0001:00063ba8       __castguard_slow_path_check_debugbreak 0000000180064ba8 f i MSVCRT:guard_support.obj
 0001:00063bdc       __castguard_slow_path_check_fastfail 0000000180064bdc f i MSVCRT:guard_support.obj
 0001:00063c18       __castguard_slow_path_check_nop 0000000180064c18 f i MSVCRT:guard_support.obj
 0001:00063c1c       __castguard_slow_path_check_os_handled 0000000180064c1c f i MSVCRT:guard_support.obj
 0001:00063c8c       _guard_icall_checks_enforced 0000000180064c8c f i MSVCRT:guard_support.obj
 0001:00063ca4       _guard_rf_checks_enforced  0000000180064ca4 f i MSVCRT:guard_support.obj
 0001:00063d14       __security_init_cookie     0000000180064d14 f   MSVCRT:gs_support.obj
 0001:00063dc0       DllMain                    0000000180064dc0 f   MSVCRT:dll_dllmain_stub.obj
 0001:00063de4       ?__scrt_initialize_type_info@@YAXXZ 0000000180064de4 f   MSVCRT:tncleanup.obj
 0001:00063df4       ?__scrt_uninitialize_type_info@@YAXXZ 0000000180064df4 f   MSVCRT:tncleanup.obj
 0001:00063e00       __local_stdio_scanf_options 0000000180064e00 f i MSVCRT:default_local_stdio_options.obj
 0001:00063e08       __scrt_initialize_default_local_stdio_options 0000000180064e08 f   MSVCRT:default_local_stdio_options.obj
 0001:00063e24       __scrt_get_dyn_tls_init_callback 0000000180064e24 f   MSVCRT:dyn_tls_init.obj
 0001:00063e2c       _RTC_Initialize            0000000180064e2c f   MSVCRT:initsect.obj
 0001:00063e68       _RTC_Terminate             0000000180064e68 f   MSVCRT:initsect.obj
 0001:00063ea4       __isa_available_init       0000000180064ea4 f   MSVCRT:cpu_disp.obj
 0001:00064048       _get_startup_argv_mode     0000000180065048 f   MSVCRT:argv_mode.obj
 0001:00064050       __scrt_is_ucrt_dll_in_use  0000000180065050 f   MSVCRT:ucrt_detection.obj
 0001:00064060       ?_Xlength_error@std@@YAXPEBD@Z 0000000180065060 f   msvcprt:MSVCP140.dll
 0001:00064066       RtlCaptureContext          0000000180065066 f   kernel32:KERNEL32.dll
 0001:0006406c       RtlLookupFunctionEntry     000000018006506c f   kernel32:KERNEL32.dll
 0001:00064072       RtlVirtualUnwind           0000000180065072 f   kernel32:KERNEL32.dll
 0001:00064078       UnhandledExceptionFilter   0000000180065078 f   kernel32:KERNEL32.dll
 0001:0006407e       SetUnhandledExceptionFilter 000000018006507e f   kernel32:KERNEL32.dll
 0001:00064084       GetCurrentProcess          0000000180065084 f   kernel32:KERNEL32.dll
 0001:0006408a       TerminateProcess           000000018006508a f   kernel32:KERNEL32.dll
 0001:00064090       IsProcessorFeaturePresent  0000000180065090 f   kernel32:KERNEL32.dll
 0001:00064096       CloseHandle                0000000180065096 f   kernel32:KERNEL32.dll
 0001:0006409c       EnterCriticalSection       000000018006509c f   kernel32:KERNEL32.dll
 0001:000640a2       LeaveCriticalSection       00000001800650a2 f   kernel32:KERNEL32.dll
 0001:000640a8       InitializeCriticalSectionAndSpinCount 00000001800650a8 f   kernel32:KERNEL32.dll
 0001:000640ae       DeleteCriticalSection      00000001800650ae f   kernel32:KERNEL32.dll
 0001:000640b4       SetEvent                   00000001800650b4 f   kernel32:KERNEL32.dll
 0001:000640ba       ResetEvent                 00000001800650ba f   kernel32:KERNEL32.dll
 0001:000640c0       WaitForSingleObjectEx      00000001800650c0 f   kernel32:KERNEL32.dll
 0001:000640c6       CreateEventW               00000001800650c6 f   kernel32:KERNEL32.dll
 0001:000640cc       GetModuleHandleW           00000001800650cc f   kernel32:KERNEL32.dll
 0001:000640d2       GetProcAddress             00000001800650d2 f   kernel32:KERNEL32.dll
 0001:000640d8       IsDebuggerPresent          00000001800650d8 f   kernel32:KERNEL32.dll
 0001:000640de       GetStartupInfoW            00000001800650de f   kernel32:KERNEL32.dll
 0001:000640e4       QueryPerformanceCounter    00000001800650e4 f   kernel32:KERNEL32.dll
 0001:000640ea       GetCurrentProcessId        00000001800650ea f   kernel32:KERNEL32.dll
 0001:000640f0       GetCurrentThreadId         00000001800650f0 f   kernel32:KERNEL32.dll
 0001:000640f6       GetSystemTimeAsFileTime    00000001800650f6 f   kernel32:KERNEL32.dll
 0001:000640fc       DisableThreadLibraryCalls  00000001800650fc f   kernel32:KERNEL32.dll
 0001:00064102       InitializeSListHead        0000000180065102 f   kernel32:KERNEL32.dll
 0001:00064108       memcmp                     0000000180065108 f   vcruntime:VCRUNTIME140.dll
 0001:0006410e       memcpy                     000000018006510e f   vcruntime:VCRUNTIME140.dll
 0001:00064114       memset                     0000000180065114 f   vcruntime:VCRUNTIME140.dll
 0001:0006411a       memmove                    000000018006511a f   vcruntime:VCRUNTIME140.dll
 0001:00064120       __std_exception_copy       0000000180065120 f   vcruntime:VCRUNTIME140.dll
 0001:00064126       __std_exception_destroy    0000000180065126 f   vcruntime:VCRUNTIME140.dll
 0001:0006412c       _CxxThrowException         000000018006512c f   vcruntime:VCRUNTIME140.dll
 0001:00064132       __CxxFrameHandler4         0000000180065132 f   vcruntime:VCRUNTIME140_1.dll
 0001:00064138       __C_specific_handler       0000000180065138 f   vcruntime:VCRUNTIME140.dll
 0001:0006413e       __current_exception        000000018006513e f   vcruntime:VCRUNTIME140.dll
 0001:00064144       __current_exception_context 0000000180065144 f   vcruntime:VCRUNTIME140.dll
 0001:0006414a       __std_type_info_destroy_list 000000018006514a f   vcruntime:VCRUNTIME140.dll
 0001:00064150       strcmp                     0000000180065150 f   ucrt:api-ms-win-crt-string-l1-1-0.dll
 0001:00064156       strcat                     0000000180065156 f   ucrt:api-ms-win-crt-string-l1-1-0.dll
 0001:0006415c       trunc                      000000018006515c f   ucrt:api-ms-win-crt-math-l1-1-0.dll
 0001:00064162       __stdio_common_vsprintf    0000000180065162 f   ucrt:api-ms-win-crt-stdio-l1-1-0.dll
 0001:00064168       free                       0000000180065168 f   ucrt:api-ms-win-crt-heap-l1-1-0.dll
 0001:0006416e       malloc                     000000018006516e f   ucrt:api-ms-win-crt-heap-l1-1-0.dll
 0001:00064174       strlen                     0000000180065174 f   ucrt:api-ms-win-crt-string-l1-1-0.dll
 0001:0006417a       _invalid_parameter_noinfo_noreturn 000000018006517a f   ucrt:api-ms-win-crt-runtime-l1-1-0.dll
 0001:00064180       acos                       0000000180065180 f   ucrt:api-ms-win-crt-math-l1-1-0.dll
 0001:00064186       atan2                      0000000180065186 f   ucrt:api-ms-win-crt-math-l1-1-0.dll
 0001:0006418c       cos                        000000018006518c f   ucrt:api-ms-win-crt-math-l1-1-0.dll
 0001:00064192       fabs                       0000000180065192 f   ucrt:api-ms-win-crt-math-l1-1-0.dll
 0001:00064198       sin                        0000000180065198 f   ucrt:api-ms-win-crt-math-l1-1-0.dll
 0001:0006419e       sqrt                       000000018006519e f   ucrt:api-ms-win-crt-math-l1-1-0.dll
 0001:000641a4       floor                      00000001800651a4 f   ucrt:api-ms-win-crt-math-l1-1-0.dll
 0001:000641aa       _callnewh                  00000001800651aa f   ucrt:api-ms-win-crt-heap-l1-1-0.dll
 0001:000641b0       _initterm                  00000001800651b0 f   ucrt:api-ms-win-crt-runtime-l1-1-0.dll
 0001:000641b6       _initterm_e                00000001800651b6 f   ucrt:api-ms-win-crt-runtime-l1-1-0.dll
 0001:000641bc       _seh_filter_dll            00000001800651bc f   ucrt:api-ms-win-crt-runtime-l1-1-0.dll
 0001:000641c2       _configure_narrow_argv     00000001800651c2 f   ucrt:api-ms-win-crt-runtime-l1-1-0.dll
 0001:000641c8       _initialize_narrow_environment 00000001800651c8 f   ucrt:api-ms-win-crt-runtime-l1-1-0.dll
 0001:000641ce       _initialize_onexit_table   00000001800651ce f   ucrt:api-ms-win-crt-runtime-l1-1-0.dll
 0001:000641d4       _register_onexit_function  00000001800651d4 f   ucrt:api-ms-win-crt-runtime-l1-1-0.dll
 0001:000641da       _execute_onexit_table      00000001800651da f   ucrt:api-ms-win-crt-runtime-l1-1-0.dll
 0001:000641e0       _crt_atexit                00000001800651e0 f   ucrt:api-ms-win-crt-runtime-l1-1-0.dll
 0001:000641e6       _crt_at_quick_exit         00000001800651e6 f   ucrt:api-ms-win-crt-runtime-l1-1-0.dll
 0001:000641ec       _cexit                     00000001800651ec f   ucrt:api-ms-win-crt-runtime-l1-1-0.dll
 0001:000641f2       terminate                  00000001800651f2 f   ucrt:api-ms-win-crt-runtime-l1-1-0.dll
 0001:000641f8       __acrt_initialize          00000001800651f8 f   MSVCRT:ucrt_stubs.obj
 0001:000641f8       __scrt_stub_for_acrt_initialize 00000001800651f8 f   MSVCRT:ucrt_stubs.obj
 0001:000641f8       __vcrt_initialize          00000001800651f8 f   MSVCRT:ucrt_stubs.obj
[...]
 0003:00048728       $SG27896                   00000001800b3728     MODEL_PV_sfun_registry.obj
 0003:00048730       $SG27885                   00000001800b3730     MODEL_PV_sfun_registry.obj
 0003:000487a8       $SG27902                   00000001800b37a8     MODEL_PV_sfun_registry.obj
 0003:000487b0       $SG27887                   00000001800b37b0     MODEL_PV_sfun_registry.obj
 0003:00048830       $SG27897                   00000001800b3830     MODEL_PV_sfun_registry.obj
 0003:000488b0       $SG27898                   00000001800b38b0     MODEL_PV_sfun_registry.obj
 0003:000488c0       $SG27900                   00000001800b38c0     MODEL_PV_sfun_registry.obj
 0003:000488cc       $SG27904                   00000001800b38cc     MODEL_PV_sfun_registry.obj
 0003:000488d8       $SG27906                   00000001800b38d8     MODEL_PV_sfun_registry.obj
 0003:000488e8       $SG28029                   00000001800b38e8     MODEL_PV_sfun_registry.obj
 0003:00048918       $SG28031                   00000001800b3918     MODEL_PV_sfun_registry.obj
 0003:00048920       $SG27911                   00000001800b3920     MODEL_PV_sfun_registry.obj
 0003:00048a08       $SG28030                   00000001800b3a08     MODEL_PV_sfun_registry.obj
 0003:00048a18       $SG28033                   00000001800b3a18     MODEL_PV_sfun_registry.obj
 0003:00048a50       $SG28034                   00000001800b3a50     MODEL_PV_sfun_registry.obj
 0003:00048a60       $SG28035                   00000001800b3a60     MODEL_PV_sfun_registry.obj
 0003:00048a68       $SG28038                   00000001800b3a68     MODEL_PV_sfun_registry.obj
 0003:00048aa0       $SG28039                   00000001800b3aa0     MODEL_PV_sfun_registry.obj
 0003:00048ab0       $SG28040                   00000001800b3ab0     MODEL_PV_sfun_registry.obj
 0003:00048ab8       $SG28042                   00000001800b3ab8     MODEL_PV_sfun_registry.obj
 0003:00048af0       $SG28043                   00000001800b3af0     MODEL_PV_sfun_registry.obj
 0003:00048b00       $SG28044                   00000001800b3b00     MODEL_PV_sfun_registry.obj
 0003:00048b08       $SG28046                   00000001800b3b08     MODEL_PV_sfun_registry.obj
 0003:00048b40       $SG28047                   00000001800b3b40     MODEL_PV_sfun_registry.obj
 0003:00048b50       $SG28048                   00000001800b3b50     MODEL_PV_sfun_registry.obj
 0003:00048b58       $SG28051                   00000001800b3b58     MODEL_PV_sfun_registry.obj
 0003:00048b60       $SG28053                   00000001800b3b60     MODEL_PV_sfun_registry.obj
 0003:00048b78       $SG28054                   00000001800b3b78     MODEL_PV_sfun_registry.obj
 0003:00048bb0       $SG28055                   00000001800b3bb0     MODEL_PV_sfun_registry.obj
 0003:00048bc0       $SG28056                   00000001800b3bc0     MODEL_PV_sfun_registry.obj
 0003:00048bc8       $SG28226                   00000001800b3bc8     MODEL_PV_sfun_registry.obj
 0003:00048be8       $SG28233                   00000001800b3be8     MODEL_PV_sfun_registry.obj
 0003:00048c00       $SG28227                   00000001800b3c00     MODEL_PV_sfun_registry.obj
 0003:00048c90       $SG28234                   00000001800b3c90     MODEL_PV_sfun_registry.obj
 0003:00048d20       $SG28240                   00000001800b3d20     MODEL_PV_sfun_registry.obj
 0003:00048d38       $SG28259                   00000001800b3d38     MODEL_PV_sfun_registry.obj
 0003:00048d58       $SG28264                   00000001800b3d58     MODEL_PV_sfun_registry.obj
 0003:00048d80       $SG28241                   00000001800b3d80     MODEL_PV_sfun_registry.obj
 0003:00048e10       $SG28247                   00000001800b3e10     MODEL_PV_sfun_registry.obj
 0003:00048e30       $SG28248                   00000001800b3e30     MODEL_PV_sfun_registry.obj
 0003:00048ec0       $SG28254                   00000001800b3ec0     MODEL_PV_sfun_registry.obj
 0003:00048ee0       $SG28255                   00000001800b3ee0     MODEL_PV_sfun_registry.obj
 0003:00048f70       $SG28260                   00000001800b3f70     MODEL_PV_sfun_registry.obj
 0003:00049000       $SG28265                   00000001800b4000     MODEL_PV_sfun_registry.obj
 0003:00049090       $SG28269                   00000001800b4090     MODEL_PV_sfun_registry.obj
 0003:000490b8       $SG28284                   00000001800b40b8     MODEL_PV_sfun_registry.obj
 0003:000490d0       $SG28270                   00000001800b40d0     MODEL_PV_sfun_registry.obj
 0003:00049160       $SG28274                   00000001800b4160     MODEL_PV_sfun_registry.obj
 0003:00049180       $SG28275                   00000001800b4180     MODEL_PV_sfun_registry.obj
 0003:00049210       $SG28279                   00000001800b4210     MODEL_PV_sfun_registry.obj
 0003:00049230       $SG28280                   00000001800b4230     MODEL_PV_sfun_registry.obj
 0003:000492c0       $SG28285                   00000001800b42c0     MODEL_PV_sfun_registry.obj
 0003:00049350       $SG28289                   00000001800b4350     MODEL_PV_sfun_registry.obj
 0003:00049370       $SG28290                   00000001800b4370     MODEL_PV_sfun_registry.obj
 0003:00049400       $SG28294                   00000001800b4400     MODEL_PV_sfun_registry.obj
 0003:00049420       $SG28295                   00000001800b4420     MODEL_PV_sfun_registry.obj
 0003:000494b0       $SG28299                   00000001800b44b0     MODEL_PV_sfun_registry.obj
 0003:000494d0       $SG28300                   00000001800b44d0     MODEL_PV_sfun_registry.obj
 0003:00049560       $SG28304                   00000001800b4560     MODEL_PV_sfun_registry.obj
 0003:00049580       $SG28305                   00000001800b4580     MODEL_PV_sfun_registry.obj
 0003:00049610       $SG28309                   00000001800b4610     MODEL_PV_sfun_registry.obj
 0003:00049630       $SG28310                   00000001800b4630     MODEL_PV_sfun_registry.obj
 0003:000496c0       $SG28314                   00000001800b46c0     MODEL_PV_sfun_registry.obj
 0003:000496e0       $SG28315                   00000001800b46e0     MODEL_PV_sfun_registry.obj
 0003:00049770       $SG28320                   00000001800b4770     MODEL_PV_sfun_registry.obj
 0003:00049788       $SG28331                   00000001800b4788     MODEL_PV_sfun_registry.obj
 0003:000497a0       $SG28321                   00000001800b47a0     MODEL_PV_sfun_registry.obj
 0003:00049830       $SG28327                   00000001800b4830     MODEL_PV_sfun_registry.obj
 0003:000498c0       $SG28332                   00000001800b48c0     MODEL_PV_sfun_registry.obj
 0003:00049950       $SG28336                   00000001800b4950     MODEL_PV_sfun_registry.obj
 0003:00049960       $SG28337                   00000001800b4960     MODEL_PV_sfun_registry.obj
 0003:000499f0       $SG28341                   00000001800b49f0     MODEL_PV_sfun_registry.obj
 0003:00049a10       $SG28342                   00000001800b4a10     MODEL_PV_sfun_registry.obj
 0003:00049aa0       $SG28346                   00000001800b4aa0     MODEL_PV_sfun_registry.obj
 0003:00049ac0       $SG28347                   00000001800b4ac0     MODEL_PV_sfun_registry.obj
 0003:00049b50       $SG28351                   00000001800b4b50     MODEL_PV_sfun_registry.obj
 0003:00049b60       $SG28352                   00000001800b4b60     MODEL_PV_sfun_registry.obj
 0003:00049bf0       $SG28356                   00000001800b4bf0     MODEL_PV_sfun_registry.obj
 0003:00049c00       $SG28357                   00000001800b4c00     MODEL_PV_sfun_registry.obj
 0003:00049c90       $SG28361                   00000001800b4c90     MODEL_PV_sfun_registry.obj
 0003:00049ca8       $SG28366                   00000001800b4ca8     MODEL_PV_sfun_registry.obj
 0003:00049cc0       $SG28362                   00000001800b4cc0     MODEL_PV_sfun_registry.obj
 0003:00049d50       $SG28367                   00000001800b4d50     MODEL_PV_sfun_registry.obj
 0003:00049de0       $SG28371                   00000001800b4de0     MODEL_PV_sfun_registry.obj
 0003:00049df0       $SG28372                   00000001800b4df0     MODEL_PV_sfun_registry.obj
 0003:00049e80       $SG28380                   00000001800b4e80     MODEL_PV_sfun_registry.obj
 0003:00049e90       $SG28381                   00000001800b4e90     MODEL_PV_sfun_registry.obj
 0003:00049f20       $SG28387                   00000001800b4f20     MODEL_PV_sfun_registry.obj
 0003:00049f30       $SG28388                   00000001800b4f30     MODEL_PV_sfun_registry.obj
 0003:00049fc0       $SG28392                   00000001800b4fc0     MODEL_PV_sfun_registry.obj
 0003:00049fd0       $SG28393                   00000001800b4fd0     MODEL_PV_sfun_registry.obj
 0003:0004a060       $SG28398                   00000001800b5060     MODEL_PV_sfun_registry.obj
 0003:0004a070       $SG28399                   00000001800b5070     MODEL_PV_sfun_registry.obj
 0003:0004a100       $SG28403                   00000001800b5100     MODEL_PV_sfun_registry.obj
 0003:0004a178       $SG28446                   00000001800b5178     MODEL_PV_sfun_registry.obj
 0003:0004a188       $SG28527                   00000001800b5188     MODEL_PV_sfun_registry.obj
 0003:0004a190       $SG28433                   00000001800b5190     MODEL_PV_sfun_registry.obj
 0003:0004a2a8       $SG28457                   00000001800b52a8     MODEL_PV_sfun_registry.obj
 0003:0004a2b8       $SG28470                   00000001800b52b8     MODEL_PV_sfun_registry.obj
 0003:0004a2c8       $SG28481                   00000001800b52c8     MODEL_PV_sfun_registry.obj
 0003:0004a2d8       $SG28494                   00000001800b52d8     MODEL_PV_sfun_registry.obj
 0003:0004a2e8       $SG28505                   00000001800b52e8     MODEL_PV_sfun_registry.obj
 0003:0004a2f8       $SG28515                   00000001800b52f8     MODEL_PV_sfun_registry.obj
 0003:0004a318       $SG28526                   00000001800b5318     MODEL_PV_sfun_registry.obj
 0003:0004a348       $SG28528                   00000001800b5348     MODEL_PV_sfun_registry.obj
 0003:0004a350       $SG28539                   00000001800b5350     MODEL_PV_sfun_registry.obj
 0003:0004a388       $SG28540                   00000001800b5388     MODEL_PV_sfun_registry.obj
 0003:0004a390       $SG28541                   00000001800b5390     MODEL_PV_sfun_registry.obj
 0003:0004a490       sRtwOptimizationInfoStruct 00000001800b5490     MODEL_PV_sfun.obj
 0003:0004a498       sOptimizationInfoFlags     00000001800b5498     MODEL_PV_sfun.obj
 0003:0004a4a0       $SG29282                   00000001800b54a0     c13_MODEL_PV.obj
 0003:0004a4a1       $SG29286                   00000001800b54a1     c13_MODEL_PV.obj
 0003:0004a4a2       $SG29299                   00000001800b54a2     c13_MODEL_PV.obj
 0003:0004a4a3       $SG29303                   00000001800b54a3     c13_MODEL_PV.obj
 0003:0004a4a4       $SG29307                   00000001800b54a4     c13_MODEL_PV.obj
 0003:0004a4a5       $SG29317                   00000001800b54a5     c13_MODEL_PV.obj
 0003:0004a4a6       $SG29321                   00000001800b54a6     c13_MODEL_PV.obj
 0003:0004a4a7       $SG29328                   00000001800b54a7     c13_MODEL_PV.obj
 0003:0004a4a8       $SG29332                   00000001800b54a8     c13_MODEL_PV.obj
 0003:0004a4a9       $SG29336                   00000001800b54a9     c13_MODEL_PV.obj
 0003:0004a4aa       $SG29340                   00000001800b54aa     c13_MODEL_PV.obj
 0003:0004a4ab       $SG29350                   00000001800b54ab     c13_MODEL_PV.obj
 0003:0004a4ac       $SG29354                   00000001800b54ac     c13_MODEL_PV.obj
 0003:0004a4ad       $SG29361                   00000001800b54ad     c13_MODEL_PV.obj
 0003:0004a4ae       $SG29368                   00000001800b54ae     c13_MODEL_PV.obj
 0003:0004a4af       $SG29372                   00000001800b54af     c13_MODEL_PV.obj
 0003:0004a4b0       $SG29379                   00000001800b54b0     c13_MODEL_PV.obj
 0003:0004a4b1       $SG29383                   00000001800b54b1     c13_MODEL_PV.obj
 0003:0004a4b2       $SG29396                   00000001800b54b2     c13_MODEL_PV.obj
 0003:0004a4b3       $SG29406                   00000001800b54b3     c13_MODEL_PV.obj
 0003:0004a4b4       $SG29413                   00000001800b54b4     c13_MODEL_PV.obj
 0003:0004a4b5       $SG29435                   00000001800b54b5     c13_MODEL_PV.obj
 0003:0004a4b6       $SG29442                   00000001800b54b6     c13_MODEL_PV.obj
 0003:0004a4b7       $SG29446                   00000001800b54b7     c13_MODEL_PV.obj
 0003:0004a4b8       $SG29453                   00000001800b54b8     c13_MODEL_PV.obj
 0003:0004a4b9       $SG29460                   00000001800b54b9     c13_MODEL_PV.obj
 0003:0004a4ba       $SG29470                   00000001800b54ba     c13_MODEL_PV.obj
 0003:0004a4bb       $SG29477                   00000001800b54bb     c13_MODEL_PV.obj
 0003:0004a4bc       $SG29484                   00000001800b54bc     c13_MODEL_PV.obj
 0003:0004a4bd       $SG29488                   00000001800b54bd     c13_MODEL_PV.obj
 0003:0004a4be       $SG29492                   00000001800b54be     c13_MODEL_PV.obj
 0003:0004a4bf       $SG29496                   00000001800b54bf     c13_MODEL_PV.obj
 0003:0004a4c0       $SG29500                   00000001800b54c0     c13_MODEL_PV.obj
 0003:0004a4c1       $SG29504                   00000001800b54c1     c13_MODEL_PV.obj
 0003:0004a4c2       $SG29511                   00000001800b54c2     c13_MODEL_PV.obj
 0003:0004a4c3       $SG29515                   00000001800b54c3     c13_MODEL_PV.obj
 0003:0004a4c4       $SG29519                   00000001800b54c4     c13_MODEL_PV.obj
 0003:0004a4c5       $SG29523                   00000001800b54c5     c13_MODEL_PV.obj
 0003:0004a4c6       $SG29527                   00000001800b54c6     c13_MODEL_PV.obj
 0003:0004a4c7       $SG29531                   00000001800b54c7     c13_MODEL_PV.obj
 0003:0004a4c8       $SG29535                   00000001800b54c8     c13_MODEL_PV.obj
 0003:0004a4c9       $SG29539                   00000001800b54c9     c13_MODEL_PV.obj
 0003:0004a4ca       $SG29543                   00000001800b54ca     c13_MODEL_PV.obj
 0003:0004a4cb       $SG29547                   00000001800b54cb     c13_MODEL_PV.obj
 0003:0004a4cc       $SG29551                   00000001800b54cc     c13_MODEL_PV.obj
 0003:0004a4cd       $SG29564                   00000001800b54cd     c13_MODEL_PV.obj
 0003:0004a4ce       $SG29568                   00000001800b54ce     c13_MODEL_PV.obj
 0003:0004a4cf       $SG29575                   00000001800b54cf     c13_MODEL_PV.obj
 0003:0004a4d0       $SG29579                   00000001800b54d0     c13_MODEL_PV.obj
 0003:0004a4d1       $SG29586                   00000001800b54d1     c13_MODEL_PV.obj
 0003:0004a4d2       $SG29590                   00000001800b54d2     c13_MODEL_PV.obj
 0003:0004a4d3       $SG29594                   00000001800b54d3     c13_MODEL_PV.obj
 0003:0004a4d4       $SG29604                   00000001800b54d4     c13_MODEL_PV.obj
 0003:0004a4d5       $SG29608                   00000001800b54d5     c13_MODEL_PV.obj
 0003:0004a4d6       $SG29612                   00000001800b54d6     c13_MODEL_PV.obj
 0003:0004a4d7       $SG29616                   00000001800b54d7     c13_MODEL_PV.obj
 0003:0004a4d8       $SG29620                   00000001800b54d8     c13_MODEL_PV.obj
 0003:0004a4d9       $SG29624                   00000001800b54d9     c13_MODEL_PV.obj
 0003:0004a4da       $SG29628                   00000001800b54da     c13_MODEL_PV.obj
 0003:0004a4db       $SG29632                   00000001800b54db     c13_MODEL_PV.obj
 0003:0004a4dc       $SG29636                   00000001800b54dc     c13_MODEL_PV.obj
 0003:0004a4dd       $SG29640                   00000001800b54dd     c13_MODEL_PV.obj
 0003:0004a4de       $SG29644                   00000001800b54de     c13_MODEL_PV.obj
 0003:0004a4df       $SG29648                   00000001800b54df     c13_MODEL_PV.obj
 0003:0004a4e0       $SG29652                   00000001800b54e0     c13_MODEL_PV.obj
 0003:0004a4e1       $SG29656                   00000001800b54e1     c13_MODEL_PV.obj
 0003:0004a4e2       $SG29660                   00000001800b54e2     c13_MODEL_PV.obj
 0003:0004a4e3       $SG29664                   00000001800b54e3     c13_MODEL_PV.obj
 0003:0004a4e4       $SG29668                   00000001800b54e4     c13_MODEL_PV.obj
 0003:0004a4e5       $SG29678                   00000001800b54e5     c13_MODEL_PV.obj
 0003:0004a4e6       $SG29682                   00000001800b54e6     c13_MODEL_PV.obj
 0003:0004a4e7       $SG29686                   00000001800b54e7     c13_MODEL_PV.obj
 0003:0004a4e8       $SG29865                   00000001800b54e8     c13_MODEL_PV.obj
 0003:0004a4e9       $SG29869                   00000001800b54e9     c13_MODEL_PV.obj
 0003:0004a4ea       $SG29873                   00000001800b54ea     c13_MODEL_PV.obj
 0003:0004a4eb       $SG29877                   00000001800b54eb     c13_MODEL_PV.obj
 0003:0004a4ec       $SG31921                   00000001800b54ec     c13_MODEL_PV.obj
 0003:0004a4ed       $SG32050                   00000001800b54ed     c13_MODEL_PV.obj
 0003:0004a4ee       $SG42492                   00000001800b54ee     c13_MODEL_PV.obj
 0003:0004a4ef       $SG45660                   00000001800b54ef     c13_MODEL_PV.obj
 0003:0004a4f0       _sfTime_                   00000001800b54f0     c13_MODEL_PV.obj
 0003:0004a4f8       $SG45661                   00000001800b54f8     c13_MODEL_PV.obj
 0003:0004a4f9       $SG45858                   00000001800b54f9     c13_MODEL_PV.obj
 0003:0004a500       ?newstr@?1??sf_c13_MODEL_PV_get_post_codegen_info@@9@9 00000001800b5500     c13_MODEL_PV.obj
 0003:0004b2f4       sfGlobalMdlStartCallCounts 00000001800b62f4     MODEL_PV_sfun_registry.obj
 0003:0004b2f8       $SG27878                   00000001800b62f8     MODEL_PV_sfun_registry.obj
 0003:0004b2fa       ?warningGuard@?1??ssGetRootSS@@9@9 00000001800b62fa     MODEL_PV_sfun_registry.obj
 0003:0004b2fb       ?warningGuard@?1??ssGetParentSS@@9@9 00000001800b62fb     MODEL_PV_sfun_registry.obj
 0003:0004b300       ?nan@autonomous@@3NB       00000001800b6300     autonomouscodegen_dubins.obj
 0003:0004b308       ?inf@autonomous@@3NB       00000001800b6308     autonomouscodegen_dubins.obj
 0003:0004b310       ?twoPi@autonomous@@3NB     00000001800b6310     autonomouscodegen_dubins.obj
 0003:0004b318       ?pi@autonomous@@3NB        00000001800b6318     autonomouscodegen_dubins.obj
 0003:0004b360       GS_ExceptionRecord         00000001800b6360     MSVCRT:gs_report.obj
 0003:0004b400       GS_ContextRecord           00000001800b6400     MSVCRT:gs_report.obj
 0003:0004b8d0       ?g_tss_cv@@3U_RTL_CONDITION_VARIABLE@@A 00000001800b68d0     MSVCRT:thread_safe_statics.obj
 0003:0004b8d8       ?g_tss_event@@3PEAXEA      00000001800b68d8     MSVCRT:thread_safe_statics.obj
 0003:0004b8e0       ?g_tss_mutex@@3U_RTL_CRITICAL_SECTION@@A 00000001800b68e0     MSVCRT:thread_safe_statics.obj
 0003:0004b908       ?g_sleep_condition_variable_cs@@3P6AHPEAU_RTL_CONDITION_VARIABLE@@PEAU_RTL_CRITICAL_SECTION@@K@ZEA 00000001800b6908     MSVCRT:thread_safe_statics.obj
 0003:0004b910       ?g_wake_all_condition_variable@@3P6AXPEAU_RTL_CONDITION_VARIABLE@@@ZEA 00000001800b6910     MSVCRT:thread_safe_statics.obj
 0003:0004b91c       ?__proc_attached@@3HA      00000001800b691c     MSVCRT:dll_dllmain.obj
 0003:0004b930       ?is_initialized_as_dll@@3_NA 00000001800b6930     MSVCRT:utility.obj
 0003:0004b931       ?module_local_atexit_table_initialized@@3_NA 00000001800b6931     MSVCRT:utility.obj
 0003:0004b938       ?module_local_atexit_table@@3U_onexit_table_t@@A 00000001800b6938     MSVCRT:utility.obj
 0003:0004b950       ?module_local_at_quick_exit_table@@3U_onexit_table_t@@A 00000001800b6950     MSVCRT:utility.obj
